开始执行测试（19 个脚本，19 次运行）…


--- tests_scripts/车辆设置/test_smoke_test_36_row15.py::TestSmokeTest36Row15::test_smoke_test_36_row15 (--count=1) ---
[CMD] C:\Users\TS\AppData\Roaming\iatset\venv\Scripts\python.exe -m pytest -v -s d:\renult\project_1788164131875\project_1788434794119\project_1788434802235\project_1789040384742\tests_scripts\车辆设置\test_smoke_test_36_row15.py::TestSmokeTest36Row15::test_smoke_test_36_row15 --count=1 --alluredir=d:\renult\project_1788164131875\project_1788434794119\project_1788434802235\project_1789040384742\reports\batch_2026-09-11_09-10-18\allure-results
[CWD] d:\renult\project_1788164131875\project_1788434794119\project_1788434802235\project_1789040384742

C:\Users\TS\AppData\Roaming\iatset\venv\Lib\site-packages\pytest_asyncio\plugin.py:247: PytestDeprecationWarning: The configuration option "asyncio_default_fixture_loop_scope" is unset.
The event loop scope for asynchronous fixtures will default to the fixture caching scope. Future versions of pytest-asyncio will default the loop scope for asynchronous fixtures to function scope. Set the default fixture loop scope explicitly in order to avoid unexpected behavior in the future. Valid fixture loop scopes are: "function", "class", "module", "package", "session"

  warnings.warn(PytestDeprecationWarning(_DEFAULT_FIXTURE_LOOP_SCOPE_UNSET))
============================= test session starts =============================
platform win32 -- Python 3.12.10, pytest-9.0.2, pluggy-1.6.0 -- C:\Users\TS\AppData\Roaming\iatset\venv\Scripts\python.exe
cachedir: .pytest_cache
rootdir: d:\renult\project_1788164131875\project_1788434794119\project_1788434802235\project_1789040384742
plugins: allure-pytest-2.15.3, anyio-4.13.0, asyncio-1.3.0, cov-7.0.0, repeat-0.9.4, timeout-2.4.0, xonsh-0.23.5
asyncio: mode=Mode.STRICT, debug=False, asyncio_default_fixture_loop_scope=None, asyncio_default_test_loop_scope=function
collecting ... collected 1 item

tests_scripts/车辆设置/test_smoke_test_36_row15.py::TestSmokeTest36Row15::test_smoke_test_36_row15 PASSED

============================= 1 passed in 41.51s ==============================

--- tests_scripts/车辆设置/test_smoke_test_37.py::TestSmokeTest37::test_smoke_test_37 (--count=1) ---
[CMD] C:\Users\TS\AppData\Roaming\iatset\venv\Scripts\python.exe -m pytest -v -s d:\renult\project_1788164131875\project_1788434794119\project_1788434802235\project_1789040384742\tests_scripts\车辆设置\test_smoke_test_37.py::TestSmokeTest37::test_smoke_test_37 --count=1 --alluredir=d:\renult\project_1788164131875\project_1788434794119\project_1788434802235\project_1789040384742\reports\batch_2026-09-11_09-10-18\allure-results
[CWD] d:\renult\project_1788164131875\project_1788434794119\project_1788434802235\project_1789040384742

C:\Users\TS\AppData\Roaming\iatset\venv\Lib\site-packages\pytest_asyncio\plugin.py:247: PytestDeprecationWarning: The configuration option "asyncio_default_fixture_loop_scope" is unset.
The event loop scope for asynchronous fixtures will default to the fixture caching scope. Future versions of pytest-asyncio will default the loop scope for asynchronous fixtures to function scope. Set the default fixture loop scope explicitly in order to avoid unexpected behavior in the future. Valid fixture loop scopes are: "function", "class", "module", "package", "session"

  warnings.warn(PytestDeprecationWarning(_DEFAULT_FIXTURE_LOOP_SCOPE_UNSET))
============================= test session starts =============================
platform win32 -- Python 3.12.10, pytest-9.0.2, pluggy-1.6.0 -- C:\Users\TS\AppData\Roaming\iatset\venv\Scripts\python.exe
cachedir: .pytest_cache
rootdir: d:\renult\project_1788164131875\project_1788434794119\project_1788434802235\project_1789040384742
plugins: allure-pytest-2.15.3, anyio-4.13.0, asyncio-1.3.0, cov-7.0.0, repeat-0.9.4, timeout-2.4.0, xonsh-0.23.5
asyncio: mode=Mode.STRICT, debug=False, asyncio_default_fixture_loop_scope=None, asyncio_default_test_loop_scope=function
collecting ... collected 1 item

tests_scripts/车辆设置/test_smoke_test_37.py::TestSmokeTest37::test_smoke_test_37 FAILED

================================== FAILURES ===================================
_____________________ TestSmokeTest37.test_smoke_test_37 ______________________
case_issue: Smoke_Test_37 expected[20](- Slovenčina) 无 Explore 断言回执（handoff-incomplete），不编造断言参数
----------------------------- Captured log setup ------------------------------
INFO     autocar.auth.guard:conftest.py:96 active_key 有效，跳过网络鉴权，账号: Email
INFO     autocar.drivers.u2.driver:conftest.py:106 设备连接成功: 3696ade
INFO     autocar.drivers.factory:conftest.py:106 U2Manager 已连接设备: 3696ade
INFO     autocar.drivers.u2.enhanced:method_registry.py:463 custom text vehicle compatibility: enabled=False vehicle= platform= country= soc_version=
INFO     autocar.drivers.u2.driver:method_registry.py:457 display-aware click: id='com.android.systemui:id/grid_nav' -> (56, 450), display-id=0, XML coords are physical screen coords
INFO     autocar.drivers.u2.driver:method_registry.py:457 display-aware click: text='设置' -> (1125, 513), display-id=0, XML coords are physical screen coords
INFO     autocar.drivers.u2.driver:method_registry.py:457 display-aware click: text='系统' -> (696, 595), display-id=0, XML coords are physical screen coords
------------------------------ Captured log call ------------------------------
INFO     autocar.drivers.u2.driver:method_registry.py:457 display-aware click: text='语言和输入法' -> (696, 185), display-id=0, XML coords are physical screen coords
INFO     autocar.drivers.u2.driver:method_registry.py:457 display-aware click: text='语言' -> (696, 185), display-id=0, XML coords are physical screen coords
---------------------------- Captured log teardown ----------------------------
INFO     autocar.drivers.u2.driver:conftest.py:108 设备已断开
INFO     autocar.drivers.u2.driver:conftest.py:98 设备已断开
=========================== short test summary info ===========================
FAILED tests_scripts/车辆设置/test_smoke_test_37.py::TestSmokeTest37::test_smoke_test_37
============================= 1 failed in 56.35s ==============================

--- tests_scripts/车辆设置/test_smoke_test_44.py::TestSmokeTest44::test_smoke_test_44 (--count=1) ---
[CMD] C:\Users\TS\AppData\Roaming\iatset\venv\Scripts\python.exe -m pytest -v -s d:\renult\project_1788164131875\project_1788434794119\project_1788434802235\project_1789040384742\tests_scripts\车辆设置\test_smoke_test_44.py::TestSmokeTest44::test_smoke_test_44 --count=1 --alluredir=d:\renult\project_1788164131875\project_1788434794119\project_1788434802235\project_1789040384742\reports\batch_2026-09-11_09-10-18\allure-results
[CWD] d:\renult\project_1788164131875\project_1788434794119\project_1788434802235\project_1789040384742

C:\Users\TS\AppData\Roaming\iatset\venv\Lib\site-packages\pytest_asyncio\plugin.py:247: PytestDeprecationWarning: The configuration option "asyncio_default_fixture_loop_scope" is unset.
The event loop scope for asynchronous fixtures will default to the fixture caching scope. Future versions of pytest-asyncio will default the loop scope for asynchronous fixtures to function scope. Set the default fixture loop scope explicitly in order to avoid unexpected behavior in the future. Valid fixture loop scopes are: "function", "class", "module", "package", "session"

  warnings.warn(PytestDeprecationWarning(_DEFAULT_FIXTURE_LOOP_SCOPE_UNSET))
============================= test session starts =============================
platform win32 -- Python 3.12.10, pytest-9.0.2, pluggy-1.6.0 -- C:\Users\TS\AppData\Roaming\iatset\venv\Scripts\python.exe
cachedir: .pytest_cache
rootdir: d:\renult\project_1788164131875\project_1788434794119\project_1788434802235\project_1789040384742
plugins: allure-pytest-2.15.3, anyio-4.13.0, asyncio-1.3.0, cov-7.0.0, repeat-0.9.4, timeout-2.4.0, xonsh-0.23.5
asyncio: mode=Mode.STRICT, debug=False, asyncio_default_fixture_loop_scope=None, asyncio_default_test_loop_scope=function
collecting ... collected 1 item

tests_scripts/车辆设置/test_smoke_test_44.py::TestSmokeTest44::test_smoke_test_44 PASSED

============================= 1 passed in 27.66s ==============================

--- tests_scripts/车辆设置/test_smoke_test_46.py::TestSmokeTest46::test_smoke_test_46 (--count=1) ---
[CMD] C:\Users\TS\AppData\Roaming\iatset\venv\Scripts\python.exe -m pytest -v -s d:\renult\project_1788164131875\project_1788434794119\project_1788434802235\project_1789040384742\tests_scripts\车辆设置\test_smoke_test_46.py::TestSmokeTest46::test_smoke_test_46 --count=1 --alluredir=d:\renult\project_1788164131875\project_1788434794119\project_1788434802235\project_1789040384742\reports\batch_2026-09-11_09-10-18\allure-results
[CWD] d:\renult\project_1788164131875\project_1788434794119\project_1788434802235\project_1789040384742

C:\Users\TS\AppData\Roaming\iatset\venv\Lib\site-packages\pytest_asyncio\plugin.py:247: PytestDeprecationWarning: The configuration option "asyncio_default_fixture_loop_scope" is unset.
The event loop scope for asynchronous fixtures will default to the fixture caching scope. Future versions of pytest-asyncio will default the loop scope for asynchronous fixtures to function scope. Set the default fixture loop scope explicitly in order to avoid unexpected behavior in the future. Valid fixture loop scopes are: "function", "class", "module", "package", "session"

  warnings.warn(PytestDeprecationWarning(_DEFAULT_FIXTURE_LOOP_SCOPE_UNSET))
============================= test session starts =============================
platform win32 -- Python 3.12.10, pytest-9.0.2, pluggy-1.6.0 -- C:\Users\TS\AppData\Roaming\iatset\venv\Scripts\python.exe
cachedir: .pytest_cache
rootdir: d:\renult\project_1788164131875\project_1788434794119\project_1788434802235\project_1789040384742
plugins: allure-pytest-2.15.3, anyio-4.13.0, asyncio-1.3.0, cov-7.0.0, repeat-0.9.4, timeout-2.4.0, xonsh-0.23.5
asyncio: mode=Mode.STRICT, debug=False, asyncio_default_fixture_loop_scope=None, asyncio_default_test_loop_scope=function
collecting ... collected 1 item

tests_scripts/车辆设置/test_smoke_test_46.py::TestSmokeTest46::test_smoke_test_46 PASSED

============================= 1 passed in 11.26s ==============================

--- tests_scripts/收音机/test_smoke_test_47.py::TestSmokeTest47::test_smoke_test_47 (--count=1) ---
[CMD] C:\Users\TS\AppData\Roaming\iatset\venv\Scripts\python.exe -m pytest -v -s d:\renult\project_1788164131875\project_1788434794119\project_1788434802235\project_1789040384742\tests_scripts\收音机\test_smoke_test_47.py::TestSmokeTest47::test_smoke_test_47 --count=1 --alluredir=d:\renult\project_1788164131875\project_1788434794119\project_1788434802235\project_1789040384742\reports\batch_2026-09-11_09-10-18\allure-results
[CWD] d:\renult\project_1788164131875\project_1788434794119\project_1788434802235\project_1789040384742

C:\Users\TS\AppData\Roaming\iatset\venv\Lib\site-packages\pytest_asyncio\plugin.py:247: PytestDeprecationWarning: The configuration option "asyncio_default_fixture_loop_scope" is unset.
The event loop scope for asynchronous fixtures will default to the fixture caching scope. Future versions of pytest-asyncio will default the loop scope for asynchronous fixtures to function scope. Set the default fixture loop scope explicitly in order to avoid unexpected behavior in the future. Valid fixture loop scopes are: "function", "class", "module", "package", "session"

  warnings.warn(PytestDeprecationWarning(_DEFAULT_FIXTURE_LOOP_SCOPE_UNSET))
============================= test session starts =============================
platform win32 -- Python 3.12.10, pytest-9.0.2, pluggy-1.6.0 -- C:\Users\TS\AppData\Roaming\iatset\venv\Scripts\python.exe
cachedir: .pytest_cache
rootdir: d:\renult\project_1788164131875\project_1788434794119\project_1788434802235\project_1789040384742
plugins: allure-pytest-2.15.3, anyio-4.13.0, asyncio-1.3.0, cov-7.0.0, repeat-0.9.4, timeout-2.4.0, xonsh-0.23.5
asyncio: mode=Mode.STRICT, debug=False, asyncio_default_fixture_loop_scope=None, asyncio_default_test_loop_scope=function
collecting ... collected 1 item

tests_scripts/收音机/test_smoke_test_47.py::TestSmokeTest47::test_smoke_test_47 PASSED

============================= 1 passed in 11.13s ==============================

--- tests_scripts/收音机/test_smoke_test_48.py::TestSmokeTest48::test_smoke_test_48 (--count=1) ---
[CMD] C:\Users\TS\AppData\Roaming\iatset\venv\Scripts\python.exe -m pytest -v -s d:\renult\project_1788164131875\project_1788434794119\project_1788434802235\project_1789040384742\tests_scripts\收音机\test_smoke_test_48.py::TestSmokeTest48::test_smoke_test_48 --count=1 --alluredir=d:\renult\project_1788164131875\project_1788434794119\project_1788434802235\project_1789040384742\reports\batch_2026-09-11_09-10-18\allure-results
[CWD] d:\renult\project_1788164131875\project_1788434794119\project_1788434802235\project_1789040384742

C:\Users\TS\AppData\Roaming\iatset\venv\Lib\site-packages\pytest_asyncio\plugin.py:247: PytestDeprecationWarning: The configuration option "asyncio_default_fixture_loop_scope" is unset.
The event loop scope for asynchronous fixtures will default to the fixture caching scope. Future versions of pytest-asyncio will default the loop scope for asynchronous fixtures to function scope. Set the default fixture loop scope explicitly in order to avoid unexpected behavior in the future. Valid fixture loop scopes are: "function", "class", "module", "package", "session"

  warnings.warn(PytestDeprecationWarning(_DEFAULT_FIXTURE_LOOP_SCOPE_UNSET))
============================= test session starts =============================
platform win32 -- Python 3.12.10, pytest-9.0.2, pluggy-1.6.0 -- C:\Users\TS\AppData\Roaming\iatset\venv\Scripts\python.exe
cachedir: .pytest_cache
rootdir: d:\renult\project_1788164131875\project_1788434794119\project_1788434802235\project_1789040384742
plugins: allure-pytest-2.15.3, anyio-4.13.0, asyncio-1.3.0, cov-7.0.0, repeat-0.9.4, timeout-2.4.0, xonsh-0.23.5
asyncio: mode=Mode.STRICT, debug=False, asyncio_default_fixture_loop_scope=None, asyncio_default_test_loop_scope=function
collecting ... collected 1 item

tests_scripts/收音机/test_smoke_test_48.py::TestSmokeTest48::test_smoke_test_48 PASSED

============================= 1 passed in 22.97s ==============================

--- tests_scripts/桌面启动器/test_smoke_test_3.py::TestSmokeTest3::test_smoke_test_3 (--count=1) ---
[CMD] C:\Users\TS\AppData\Roaming\iatset\venv\Scripts\python.exe -m pytest -v -s d:\renult\project_1788164131875\project_1788434794119\project_1788434802235\project_1789040384742\tests_scripts\桌面启动器\test_smoke_test_3.py::TestSmokeTest3::test_smoke_test_3 --count=1 --alluredir=d:\renult\project_1788164131875\project_1788434794119\project_1788434802235\project_1789040384742\reports\batch_2026-09-11_09-10-18\allure-results
[CWD] d:\renult\project_1788164131875\project_1788434794119\project_1788434802235\project_1789040384742

C:\Users\TS\AppData\Roaming\iatset\venv\Lib\site-packages\pytest_asyncio\plugin.py:247: PytestDeprecationWarning: The configuration option "asyncio_default_fixture_loop_scope" is unset.
The event loop scope for asynchronous fixtures will default to the fixture caching scope. Future versions of pytest-asyncio will default the loop scope for asynchronous fixtures to function scope. Set the default fixture loop scope explicitly in order to avoid unexpected behavior in the future. Valid fixture loop scopes are: "function", "class", "module", "package", "session"

  warnings.warn(PytestDeprecationWarning(_DEFAULT_FIXTURE_LOOP_SCOPE_UNSET))
============================= test session starts =============================
platform win32 -- Python 3.12.10, pytest-9.0.2, pluggy-1.6.0 -- C:\Users\TS\AppData\Roaming\iatset\venv\Scripts\python.exe
cachedir: .pytest_cache
rootdir: d:\renult\project_1788164131875\project_1788434794119\project_1788434802235\project_1789040384742
plugins: allure-pytest-2.15.3, anyio-4.13.0, asyncio-1.3.0, cov-7.0.0, repeat-0.9.4, timeout-2.4.0, xonsh-0.23.5
asyncio: mode=Mode.STRICT, debug=False, asyncio_default_fixture_loop_scope=None, asyncio_default_test_loop_scope=function
collecting ... collected 1 item

tests_scripts/桌面启动器/test_smoke_test_3.py::TestSmokeTest3::test_smoke_test_3 FAILED

================================== FAILURES ===================================
______________________ TestSmokeTest3.test_smoke_test_3 _______________________

self = <test_smoke_test_3.TestSmokeTest3 object at 0x0000023003FB05C0>

    @allure.story("系统UI - 燃油车首页")
    @allure.title("系统UI - 燃油车首页")
    @allure.severity(allure.severity_level.NORMAL)
    def test_smoke_test_3(self):
        """前置: 步骤0：车机正常启动，处于主页面 | 步骤: ['步骤1：检查首页'] | 预期: 步骤1：显示Google地图、音频、Google助手三个区域"""
        # AUTOCAR-DEVIATION: []
        with allure.step("步骤1: 检查首页"):
            # replay_timeline: car.press key='home'（回到主页面，随后校验三个区域）
            self.page.go_home()
    
        # AUTOCAR-EXPECTED[0]: 步骤1：显示Google地图、音频、Google助手三个区域
        with allure.step("验证[0]: 步骤1：显示Google地图、音频、Google助手三个区域"):
            # final_assertions（ok:true，均在 press home 所在主页面校验）
            self.car.assert_exists(Loc.MAPS_ZOOM_IN, by="id", expected=True, msg="首页应显示 Google 地图区域")
>           self.car.assert_exists(Loc.AUDIO_AREA, by="text", expected=True, msg="首页应显示音频区域")

tests_scripts\桌面启动器\test_smoke_test_3.py:54: 
_ _ _ _ _ _ _ _ _ _ _ _ _ _ _ _ _ _ _ _ _ _ _ _ _ _ _ _ _ _ _ _ _ _ _ _ _ _ _ _
C:\Users\TS\AppData\Roaming\iatset\venv\Lib\site-packages\autocar\_internal\registry\method_registry.py:463: in wrapper
    result = _fn(self, *args, **kwargs)
             ^^^^^^^^^^^^^^^^^^^^^^^^^^
src/autocar/drivers/u2/driver.py:258: in autocar.drivers.u2.driver._with_device_session_recovery.wrapper
    ???
src/autocar/drivers/u2/driver.py:252: in autocar.drivers.u2.driver._with_device_session_recovery.wrapper
    ???
_ _ _ _ _ _ _ _ _ _ _ _ _ _ _ _ _ _ _ _ _ _ _ _ _ _ _ _ _ _ _ _ _ _ _ _ _ _ _ _

>   ???
E   AssertionError: 首页应显示音频区域

src/autocar/drivers/u2/enhanced.py:2304: AssertionError
----------------------------- Captured log setup ------------------------------
INFO     autocar.auth.guard:conftest.py:96 active_key 有效，跳过网络鉴权，账号: Email
INFO     autocar.drivers.u2.driver:conftest.py:106 设备连接成功: 3696ade
INFO     autocar.drivers.factory:conftest.py:106 U2Manager 已连接设备: 3696ade
------------------------------ Captured log call ------------------------------
INFO     autocar.drivers.u2.enhanced:method_registry.py:457 custom text vehicle compatibility: enabled=False vehicle= platform= country= soc_version=
---------------------------- Captured log teardown ----------------------------
INFO     autocar.drivers.u2.driver:conftest.py:108 设备已断开
INFO     autocar.drivers.u2.driver:conftest.py:98 设备已断开
=========================== short test summary info ===========================
FAILED tests_scripts/桌面启动器/test_smoke_test_3.py::TestSmokeTest3::test_smoke_test_3
============================= 1 failed in 13.43s ==============================

--- tests_scripts/桌面启动器/test_smoke_test_6.py::TestSmokeTest6::test_smoke_test_6 (--count=1) ---
[CMD] C:\Users\TS\AppData\Roaming\iatset\venv\Scripts\python.exe -m pytest -v -s d:\renult\project_1788164131875\project_1788434794119\project_1788434802235\project_1789040384742\tests_scripts\桌面启动器\test_smoke_test_6.py::TestSmokeTest6::test_smoke_test_6 --count=1 --alluredir=d:\renult\project_1788164131875\project_1788434794119\project_1788434802235\project_1789040384742\reports\batch_2026-09-11_09-10-18\allure-results
[CWD] d:\renult\project_1788164131875\project_1788434794119\project_1788434802235\project_1789040384742

C:\Users\TS\AppData\Roaming\iatset\venv\Lib\site-packages\pytest_asyncio\plugin.py:247: PytestDeprecationWarning: The configuration option "asyncio_default_fixture_loop_scope" is unset.
The event loop scope for asynchronous fixtures will default to the fixture caching scope. Future versions of pytest-asyncio will default the loop scope for asynchronous fixtures to function scope. Set the default fixture loop scope explicitly in order to avoid unexpected behavior in the future. Valid fixture loop scopes are: "function", "class", "module", "package", "session"

  warnings.warn(PytestDeprecationWarning(_DEFAULT_FIXTURE_LOOP_SCOPE_UNSET))
============================= test session starts =============================
platform win32 -- Python 3.12.10, pytest-9.0.2, pluggy-1.6.0 -- C:\Users\TS\AppData\Roaming\iatset\venv\Scripts\python.exe
cachedir: .pytest_cache
rootdir: d:\renult\project_1788164131875\project_1788434794119\project_1788434802235\project_1789040384742
plugins: allure-pytest-2.15.3, anyio-4.13.0, asyncio-1.3.0, cov-7.0.0, repeat-0.9.4, timeout-2.4.0, xonsh-0.23.5
asyncio: mode=Mode.STRICT, debug=False, asyncio_default_fixture_loop_scope=None, asyncio_default_test_loop_scope=function
collecting ... collected 1 item

tests_scripts/桌面启动器/test_smoke_test_6.py::TestSmokeTest6::test_smoke_test_6 ERROR

=================================== ERRORS ====================================
_____________ ERROR at setup of TestSmokeTest6.test_smoke_test_6 ______________
case_issue: 前置状态【步骤0：车机正常启动，处于主页面】缺少已验证的可执行来源
----------------------------- Captured log setup ------------------------------
INFO     autocar.auth.guard:conftest.py:96 active_key 有效，跳过网络鉴权，账号: Email
INFO     autocar.drivers.u2.driver:conftest.py:106 设备连接成功: 3696ade
INFO     autocar.drivers.factory:conftest.py:106 U2Manager 已连接设备: 3696ade
=========================== short test summary info ===========================
ERROR tests_scripts/桌面启动器/test_smoke_test_6.py::TestSmokeTest6::test_smoke_test_6
============================== 1 error in 6.05s ===============================

--- tests_scripts/桌面启动器/test_smoke_test_4.py::TestSmokeTest4::test_smoke_test_4 (--count=1) ---
[CMD] C:\Users\TS\AppData\Roaming\iatset\venv\Scripts\python.exe -m pytest -v -s d:\renult\project_1788164131875\project_1788434794119\project_1788434802235\project_1789040384742\tests_scripts\桌面启动器\test_smoke_test_4.py::TestSmokeTest4::test_smoke_test_4 --count=1 --alluredir=d:\renult\project_1788164131875\project_1788434794119\project_1788434802235\project_1789040384742\reports\batch_2026-09-11_09-10-18\allure-results
[CWD] d:\renult\project_1788164131875\project_1788434794119\project_1788434802235\project_1789040384742

C:\Users\TS\AppData\Roaming\iatset\venv\Lib\site-packages\pytest_asyncio\plugin.py:247: PytestDeprecationWarning: The configuration option "asyncio_default_fixture_loop_scope" is unset.
The event loop scope for asynchronous fixtures will default to the fixture caching scope. Future versions of pytest-asyncio will default the loop scope for asynchronous fixtures to function scope. Set the default fixture loop scope explicitly in order to avoid unexpected behavior in the future. Valid fixture loop scopes are: "function", "class", "module", "package", "session"

  warnings.warn(PytestDeprecationWarning(_DEFAULT_FIXTURE_LOOP_SCOPE_UNSET))
============================= test session starts =============================
platform win32 -- Python 3.12.10, pytest-9.0.2, pluggy-1.6.0 -- C:\Users\TS\AppData\Roaming\iatset\venv\Scripts\python.exe
cachedir: .pytest_cache
rootdir: d:\renult\project_1788164131875\project_1788434794119\project_1788434802235\project_1789040384742
plugins: allure-pytest-2.15.3, anyio-4.13.0, asyncio-1.3.0, cov-7.0.0, repeat-0.9.4, timeout-2.4.0, xonsh-0.23.5
asyncio: mode=Mode.STRICT, debug=False, asyncio_default_fixture_loop_scope=None, asyncio_default_test_loop_scope=function
collecting ... collected 1 item

tests_scripts/桌面启动器/test_smoke_test_4.py::TestSmokeTest4::test_smoke_test_4 ERROR

=================================== ERRORS ====================================
_____________ ERROR at setup of TestSmokeTest4.test_smoke_test_4 ______________
case_issue: 前置「步骤0：车机正常启动，处于主页面」未由 Explore 证明且无可执行来源，无法安全继续
----------------------------- Captured log setup ------------------------------
INFO     autocar.auth.guard:conftest.py:96 active_key 有效，跳过网络鉴权，账号: Email
INFO     autocar.drivers.u2.driver:conftest.py:106 设备连接成功: 3696ade
INFO     autocar.drivers.factory:conftest.py:106 U2Manager 已连接设备: 3696ade
=========================== short test summary info ===========================
ERROR tests_scripts/桌面启动器/test_smoke_test_4.py::TestSmokeTest4::test_smoke_test_4
============================== 1 error in 6.07s ===============================

--- tests_scripts/桌面启动器/test_smoke_test_7_row5.py::TestSmokeTest7Row5::test_smoke_test_7_row5 (--count=1) ---
[CMD] C:\Users\TS\AppData\Roaming\iatset\venv\Scripts\python.exe -m pytest -v -s d:\renult\project_1788164131875\project_1788434794119\project_1788434802235\project_1789040384742\tests_scripts\桌面启动器\test_smoke_test_7_row5.py::TestSmokeTest7Row5::test_smoke_test_7_row5 --count=1 --alluredir=d:\renult\project_1788164131875\project_1788434794119\project_1788434802235\project_1789040384742\reports\batch_2026-09-11_09-10-18\allure-results
[CWD] d:\renult\project_1788164131875\project_1788434794119\project_1788434802235\project_1789040384742

C:\Users\TS\AppData\Roaming\iatset\venv\Lib\site-packages\pytest_asyncio\plugin.py:247: PytestDeprecationWarning: The configuration option "asyncio_default_fixture_loop_scope" is unset.
The event loop scope for asynchronous fixtures will default to the fixture caching scope. Future versions of pytest-asyncio will default the loop scope for asynchronous fixtures to function scope. Set the default fixture loop scope explicitly in order to avoid unexpected behavior in the future. Valid fixture loop scopes are: "function", "class", "module", "package", "session"

  warnings.warn(PytestDeprecationWarning(_DEFAULT_FIXTURE_LOOP_SCOPE_UNSET))
============================= test session starts =============================
platform win32 -- Python 3.12.10, pytest-9.0.2, pluggy-1.6.0 -- C:\Users\TS\AppData\Roaming\iatset\venv\Scripts\python.exe
cachedir: .pytest_cache
rootdir: d:\renult\project_1788164131875\project_1788434794119\project_1788434802235\project_1789040384742
plugins: allure-pytest-2.15.3, anyio-4.13.0, asyncio-1.3.0, cov-7.0.0, repeat-0.9.4, timeout-2.4.0, xonsh-0.23.5
asyncio: mode=Mode.STRICT, debug=False, asyncio_default_fixture_loop_scope=None, asyncio_default_test_loop_scope=function
collecting ... collected 1 item

tests_scripts/桌面启动器/test_smoke_test_7_row5.py::TestSmokeTest7Row5::test_smoke_test_7_row5 FAILED

================================== FAILURES ===================================
__________________ TestSmokeTest7Row5.test_smoke_test_7_row5 __________________

self = <test_smoke_test_7_row5.TestSmokeTest7Row5 object at 0x0000027B77848EC0>

    @allure.story("系统UI - 左侧导航")
    @allure.title("系统UI - 左侧导航")
    @allure.severity(allure.severity_level.NORMAL)
    def test_smoke_test_7_row5(self):
        """前置: 步骤0：车机正常启动，处于主页面 | 步骤: ['步骤0：点击左侧导航栏应用图标；验证目标页面', '步骤1：点击左侧导航栏车辆图标；验证目标页面', '步骤2：点击左侧导航栏音乐图标；验证目标页面', '步骤3：点击左侧导航栏电话图标；验证目标页面'] | 预期: 步骤0：页面跳转到应用页面，显示所有应用：“Play商店”，“Android Auto”，“设备管理器”，“收音机”，“AM收音机”; 步骤1：页面跳转到车辆页面,显示：“Live Data”,“Coaching”,; “Challenges”,“Driver Mode”,“电力”，“座位”，“My Driving”，“驾驶辅助”，“车辆”，“Reno Assistant”,“设置”; 步骤2：页面跳转到音乐源页面，显示“AM收音机”、“蓝牙音频”、“Google新闻”、“收音机”、“USB”,“Android Auto”; 步骤3：页面跳转到电话连接页面，页面显示：要完成通话，请先通过蓝牙将您的手机连接到汽车。带有“连接到蓝牙”按钮"""
        # AUTOCAR-DEVIATION: []
        with allure.step("步骤0: 点击左侧导航栏应用图标"):
            self.page.click_nav_app()
    
        # AUTOCAR-EXPECTED[0]: 步骤0：页面跳转到应用页面，显示所有应用：“Play商店”，“Android Auto”，“设备管理器”，“收音机”，“AM收音机”
        with allure.step("验证[0]: 步骤0：页面跳转到应用页面，显示所有应用：“Play商店”，“Android Auto”，“设备管理器”，“收音机”，“AM收音机”"):
            # 应用网格在点击后延迟加载（explore 证据：grid_nav 点击后 apps_grid 为空，约 2 分钟后才出现应用文案），
            # 首个断言用长超时等待应用列表就绪，后续断言在网格加载完成后快速通过。
>           self.car.assert_exists(Loc.APP_PLAY_STORE, timeout=120)

tests_scripts\桌面启动器\test_smoke_test_7_row5.py:51: 
_ _ _ _ _ _ _ _ _ _ _ _ _ _ _ _ _ _ _ _ _ _ _ _ _ _ _ _ _ _ _ _ _ _ _ _ _ _ _ _
C:\Users\TS\AppData\Roaming\iatset\venv\Lib\site-packages\autocar\_internal\registry\method_registry.py:463: in wrapper
    result = _fn(self, *args, **kwargs)
             ^^^^^^^^^^^^^^^^^^^^^^^^^^
src/autocar/drivers/u2/driver.py:258: in autocar.drivers.u2.driver._with_device_session_recovery.wrapper
    ???
src/autocar/drivers/u2/driver.py:252: in autocar.drivers.u2.driver._with_device_session_recovery.wrapper
    ???
_ _ _ _ _ _ _ _ _ _ _ _ _ _ _ _ _ _ _ _ _ _ _ _ _ _ _ _ _ _ _ _ _ _ _ _ _ _ _ _

>   ???
E   AssertionError: 元素不存在: text=Play 商店

src/autocar/drivers/u2/enhanced.py:2304: AssertionError
----------------------------- Captured log setup ------------------------------
INFO     autocar.auth.guard:conftest.py:96 active_key 有效，跳过网络鉴权，账号: Email
INFO     autocar.drivers.u2.driver:conftest.py:106 设备连接成功: 3696ade
INFO     autocar.drivers.factory:conftest.py:106 U2Manager 已连接设备: 3696ade
------------------------------ Captured log call ------------------------------
INFO     autocar.drivers.u2.enhanced:method_registry.py:463 custom text vehicle compatibility: enabled=False vehicle= platform= country= soc_version=
INFO     autocar.drivers.u2.driver:method_registry.py:457 display-aware click: id='com.android.systemui:id/grid_nav' -> (56, 450), display-id=0, XML coords are physical screen coords
---------------------------- Captured log teardown ----------------------------
INFO     autocar.drivers.u2.driver:conftest.py:108 设备已断开
INFO     autocar.drivers.u2.driver:conftest.py:98 设备已断开
=========================== short test summary info ===========================
FAILED tests_scripts/桌面启动器/test_smoke_test_7_row5.py::TestSmokeTest7Row5::test_smoke_test_7_row5
======================== 1 failed in 128.91s (0:02:08) ========================

--- tests_scripts/桌面启动器/test_smoke_test_7_row6.py::TestSmokeTest7Row6::test_smoke_test_7_row6 (--count=1) ---
[CMD] C:\Users\TS\AppData\Roaming\iatset\venv\Scripts\python.exe -m pytest -v -s d:\renult\project_1788164131875\project_1788434794119\project_1788434802235\project_1789040384742\tests_scripts\桌面启动器\test_smoke_test_7_row6.py::TestSmokeTest7Row6::test_smoke_test_7_row6 --count=1 --alluredir=d:\renult\project_1788164131875\project_1788434794119\project_1788434802235\project_1789040384742\reports\batch_2026-09-11_09-10-18\allure-results
[CWD] d:\renult\project_1788164131875\project_1788434794119\project_1788434802235\project_1789040384742

C:\Users\TS\AppData\Roaming\iatset\venv\Lib\site-packages\pytest_asyncio\plugin.py:247: PytestDeprecationWarning: The configuration option "asyncio_default_fixture_loop_scope" is unset.
The event loop scope for asynchronous fixtures will default to the fixture caching scope. Future versions of pytest-asyncio will default the loop scope for asynchronous fixtures to function scope. Set the default fixture loop scope explicitly in order to avoid unexpected behavior in the future. Valid fixture loop scopes are: "function", "class", "module", "package", "session"

  warnings.warn(PytestDeprecationWarning(_DEFAULT_FIXTURE_LOOP_SCOPE_UNSET))
============================= test session starts =============================
platform win32 -- Python 3.12.10, pytest-9.0.2, pluggy-1.6.0 -- C:\Users\TS\AppData\Roaming\iatset\venv\Scripts\python.exe
cachedir: .pytest_cache
rootdir: d:\renult\project_1788164131875\project_1788434794119\project_1788434802235\project_1789040384742
plugins: allure-pytest-2.15.3, anyio-4.13.0, asyncio-1.3.0, cov-7.0.0, repeat-0.9.4, timeout-2.4.0, xonsh-0.23.5
asyncio: mode=Mode.STRICT, debug=False, asyncio_default_fixture_loop_scope=None, asyncio_default_test_loop_scope=function
collecting ... collected 1 item

tests_scripts/桌面启动器/test_smoke_test_7_row6.py::TestSmokeTest7Row6::test_smoke_test_7_row6 FAILED

================================== FAILURES ===================================
__________________ TestSmokeTest7Row6.test_smoke_test_7_row6 __________________

self = <test_smoke_test_7_row6.TestSmokeTest7Row6 object at 0x0000021874BA9580>

    @allure.story("系统UI - 窗口小部件编辑")
    @allure.title("系统UI - 窗口小部件编辑")
    @allure.severity(allure.severity_level.NORMAL)
    def test_smoke_test_7_row6(self):
        """前置: 步骤0：车机正常启动，处于主页面 | 步骤: ['步骤0：从屏幕右侧向左滑动，打开窗口小部件编辑界面'] | 预期: 步骤0：右侧出现“编辑窗口部件”窗口，下方显示“Google助理”，“日期和时间”，“GG图”，“Eco Score”“电话”，“”音频，“车辆”选项"""
        # AUTOCAR-DEVIATION: []
        with allure.step("步骤0: 从屏幕右侧向左滑动，打开窗口小部件编辑界面"):
            self.page.swipe_open_widget_editor()
    
        # AUTOCAR-EXPECTED[0]: 步骤0：右侧出现“编辑窗口部件”窗口，下方显示“Google助理”，“日期和时间”，“GG图”，“Eco Score”“电话”，“”音频，“车辆”选项
        with allure.step("验证[0] 小部件编辑窗口标题: 编辑窗口部件"):
            self.car.assert_exists(
                Loc.WIDGET_EDIT_TITLE,
                by="text",
                expected=True,
                timeout=5.0,
                msg="右侧出现“编辑窗口部件”窗口",
            )
        with allure.step("验证[0] 小部件选项: Google 助理"):
>           self.car.assert_text(Loc.WIDGET_EDIT_GOOGLE_ASSISTANT, "Google 助理", by="text", msg="小部件选项“Google助理”存在")

tests_scripts\桌面启动器\test_smoke_test_7_row6.py:58: 
_ _ _ _ _ _ _ _ _ _ _ _ _ _ _ _ _ _ _ _ _ _ _ _ _ _ _ _ _ _ _ _ _ _ _ _ _ _ _ _
C:\Users\TS\AppData\Roaming\iatset\venv\Lib\site-packages\autocar\_internal\registry\method_registry.py:463: in wrapper
    result = _fn(self, *args, **kwargs)
             ^^^^^^^^^^^^^^^^^^^^^^^^^^
src/autocar/drivers/u2/driver.py:258: in autocar.drivers.u2.driver._with_device_session_recovery.wrapper
    ???
src/autocar/drivers/u2/driver.py:252: in autocar.drivers.u2.driver._with_device_session_recovery.wrapper
    ???
_ _ _ _ _ _ _ _ _ _ _ _ _ _ _ _ _ _ _ _ _ _ _ _ _ _ _ _ _ _ _ _ _ _ _ _ _ _ _ _

>   ???
E   AssertionError: 小部件选项“Google助理”存在

src/autocar/drivers/u2/enhanced.py:2320: AssertionError
----------------------------- Captured log setup ------------------------------
INFO     autocar.auth.guard:conftest.py:96 active_key 有效，跳过网络鉴权，账号: Email
INFO     autocar.drivers.u2.driver:conftest.py:106 设备连接成功: 3696ade
INFO     autocar.drivers.factory:conftest.py:106 U2Manager 已连接设备: 3696ade
------------------------------ Captured log call ------------------------------
INFO     autocar.drivers.u2.enhanced:method_registry.py:463 custom text vehicle compatibility: enabled=False vehicle= platform= country= soc_version=
---------------------------- Captured log teardown ----------------------------
INFO     autocar.drivers.u2.driver:conftest.py:108 设备已断开
INFO     autocar.drivers.u2.driver:conftest.py:98 设备已断开
=========================== short test summary info ===========================
FAILED tests_scripts/桌面启动器/test_smoke_test_7_row6.py::TestSmokeTest7Row6::test_smoke_test_7_row6
============================= 1 failed in 10.00s ==============================

--- tests_scripts/桌面启动器/test_smoke_test_9.py::TestSmokeTest9::test_smoke_test_9 (--count=1) ---
[CMD] C:\Users\TS\AppData\Roaming\iatset\venv\Scripts\python.exe -m pytest -v -s d:\renult\project_1788164131875\project_1788434794119\project_1788434802235\project_1789040384742\tests_scripts\桌面启动器\test_smoke_test_9.py::TestSmokeTest9::test_smoke_test_9 --count=1 --alluredir=d:\renult\project_1788164131875\project_1788434794119\project_1788434802235\project_1789040384742\reports\batch_2026-09-11_09-10-18\allure-results
[CWD] d:\renult\project_1788164131875\project_1788434794119\project_1788434802235\project_1789040384742

C:\Users\TS\AppData\Roaming\iatset\venv\Lib\site-packages\pytest_asyncio\plugin.py:247: PytestDeprecationWarning: The configuration option "asyncio_default_fixture_loop_scope" is unset.
The event loop scope for asynchronous fixtures will default to the fixture caching scope. Future versions of pytest-asyncio will default the loop scope for asynchronous fixtures to function scope. Set the default fixture loop scope explicitly in order to avoid unexpected behavior in the future. Valid fixture loop scopes are: "function", "class", "module", "package", "session"

  warnings.warn(PytestDeprecationWarning(_DEFAULT_FIXTURE_LOOP_SCOPE_UNSET))
============================= test session starts =============================
platform win32 -- Python 3.12.10, pytest-9.0.2, pluggy-1.6.0 -- C:\Users\TS\AppData\Roaming\iatset\venv\Scripts\python.exe
cachedir: .pytest_cache
rootdir: d:\renult\project_1788164131875\project_1788434794119\project_1788434802235\project_1789040384742
plugins: allure-pytest-2.15.3, anyio-4.13.0, asyncio-1.3.0, cov-7.0.0, repeat-0.9.4, timeout-2.4.0, xonsh-0.23.5
asyncio: mode=Mode.STRICT, debug=False, asyncio_default_fixture_loop_scope=None, asyncio_default_test_loop_scope=function
collecting ... collected 1 item

tests_scripts/桌面启动器/test_smoke_test_9.py::TestSmokeTest9::test_smoke_test_9 FAILED

================================== FAILURES ===================================
______________________ TestSmokeTest9.test_smoke_test_9 _______________________

self = <test_smoke_test_9.TestSmokeTest9 object at 0x0000021B0EF18380>

    @allure.story("系统UI - 谷歌助手小部件生命周期")
    @allure.title("系统UI - 谷歌助手小部件生命周期")
    @allure.severity(allure.severity_level.NORMAL)
    def test_smoke_test_9(self):
        """前置: 步骤0：车机正常启动，处于主页面 | 步骤: ['步骤0：从屏幕右侧向左滑动，打开窗口小部件编辑界面', '步骤1：点击“Goolge助理”小部件将它添加在屏幕中，退出编辑界面并检查', '步骤2：点击首页的“Goolge助理”小部件', '步骤3：从屏幕右侧向左滑动，打开窗口小部件编辑界面，将“Goolge助理”小部件更换成其他小部件，退出编辑界面并检查'] | 预期: 步骤1：“Goolge助理”小部件立即添加到主页面; 步骤2：语音交互焦点（燃油图标和聆听状态）应出现在屏幕底部; 步骤3：“Goolge助理”小部件从主页移除"""
        # AUTOCAR-DEVIATION: []
        with allure.step("步骤0: 从屏幕右侧向左滑动，打开窗口小部件编辑界面"):
            self.page.swipe_open_widget_editor()
    
        with allure.step("步骤1: 点击 Google 助理小部件添加至主页面，并退出编辑界面"):
            self.page.add_google_assistant_widget()
    
        # AUTOCAR-EXPECTED[0]: 步骤1：“Goolge助理”小部件立即添加到主页面
        with allure.step("验证[0]: 步骤1：“Goolge助理”小部件立即添加到主页面"):
            self.car.assert_exists(Loc.GOOGLE_ASSISTANT, by="text", expected=True, timeout=5.0)
    
        with allure.step("步骤2: 点击首页的 Google 助理小部件"):
            self.page.click_google_assistant()
    
        # AUTOCAR-EXPECTED[1]: 步骤2：语音交互焦点（燃油图标和聆听状态）应出现在屏幕底部
        with allure.step("验证[1]: 步骤2：语音交互焦点（燃油图标和聆听状态）应出现在屏幕底部"):
            # 语音交互焦点条出现（final_assertions: by=id）
            self.car.assert_exists(Loc.VOICEPLATE, by="id", expected=True, timeout=5.0)
            # 屏幕底部燃油图标与聆听状态画面（final_assertions: assert_image 区域比对）
>           self.car.assert_image(
                baseline_img=self.at.project_path("page_objects", "sources", "img", "桌面启动器", "voiceplate_fuel_listen.png"),
                region=(176, 524, 1216, 612),
                threshold=0.9,
            )

tests_scripts\桌面启动器\test_smoke_test_9.py:61: 
_ _ _ _ _ _ _ _ _ _ _ _ _ _ _ _ _ _ _ _ _ _ _ _ _ _ _ _ _ _ _ _ _ _ _ _ _ _ _ _
C:\Users\TS\AppData\Roaming\iatset\venv\Lib\site-packages\autocar\_internal\registry\method_registry.py:463: in wrapper
    result = _fn(self, *args, **kwargs)
             ^^^^^^^^^^^^^^^^^^^^^^^^^^
src/autocar/drivers/u2/driver.py:258: in autocar.drivers.u2.driver._with_device_session_recovery.wrapper
    ???
src/autocar/drivers/u2/driver.py:252: in autocar.drivers.u2.driver._with_device_session_recovery.wrapper
    ???
_ _ _ _ _ _ _ _ _ _ _ _ _ _ _ _ _ _ _ _ _ _ _ _ _ _ _ _ _ _ _ _ _ _ _ _ _ _ _ _

>   ???
E   AssertionError: 图像不匹配: 相似度=0.595529, 阈值=0.9, 基准图=D:/renult/project_1788164131875/project_1788434794119/project_1788434802235/project_1789040384742/page_objects/sources/img/桌面启动器/voiceplate_fuel_listen.png, 元素尺寸=(88, 1040), 基准尺寸=(88, 1040)

src/autocar/drivers/u2/enhanced.py:2560: AssertionError
----------------------------- Captured log setup ------------------------------
INFO     autocar.auth.guard:conftest.py:96 active_key 有效，跳过网络鉴权，账号: Email
INFO     autocar.drivers.u2.driver:conftest.py:106 设备连接成功: 3696ade
INFO     autocar.drivers.factory:conftest.py:106 U2Manager 已连接设备: 3696ade
------------------------------ Captured log call ------------------------------
INFO     autocar.drivers.u2.enhanced:method_registry.py:463 custom text vehicle compatibility: enabled=False vehicle= platform= country= soc_version=
INFO     autocar.drivers.u2.driver:method_registry.py:457 display-aware click: text='Google 助理' -> (1069, 203), display-id=0, XML coords are physical screen coords
INFO     autocar.drivers.u2.driver:method_registry.py:457 display-aware click: id='com.renault.car.launcher:id/close_button' -> (1230, 97), display-id=0, XML coords are physical screen coords
INFO     autocar.drivers.u2.driver:method_registry.py:457 display-aware click: id='com.renault.car.launcher:id/google_assistant_suggestion_text' -> (1115, 525), display-id=0, XML coords are physical screen coords
INFO     autocar.drivers.u2.driver:method_registry.py:457 display-aware click: text='Google 助理' -> (1103, 408), display-id=0, XML coords are physical screen coords
INFO     autocar.drivers.u2.driver:method_registry.py:457 display-aware click: text='Google 助理' -> (1103, 408), display-id=0, XML coords are physical screen coords
INFO     autocar.drivers.image.driver:method_registry.py:463 [compare] element=(88, 1040, 3) baseline=(88, 1040, 3) similarity=0.595529 threshold=0.9
INFO     autocar.drivers.u2.enhanced:method_registry.py:463 [assert_image] locator=(region,text) similarity=0.595529 threshold=0.9 match=False element=(88, 1040) baseline=(88, 1040)
---------------------------- Captured log teardown ----------------------------
INFO     autocar.drivers.u2.driver:conftest.py:108 设备已断开
INFO     autocar.drivers.u2.driver:conftest.py:98 设备已断开
=========================== short test summary info ===========================
FAILED tests_scripts/桌面启动器/test_smoke_test_9.py::TestSmokeTest9::test_smoke_test_9
============================= 1 failed in 37.29s ==============================

--- tests_scripts/桌面启动器/test_smoke_test_10.py::TestSmokeTest10::test_smoke_test_10 (--count=1) ---
[CMD] C:\Users\TS\AppData\Roaming\iatset\venv\Scripts\python.exe -m pytest -v -s d:\renult\project_1788164131875\project_1788434794119\project_1788434802235\project_1789040384742\tests_scripts\桌面启动器\test_smoke_test_10.py::TestSmokeTest10::test_smoke_test_10 --count=1 --alluredir=d:\renult\project_1788164131875\project_1788434794119\project_1788434802235\project_1789040384742\reports\batch_2026-09-11_09-10-18\allure-results
[CWD] d:\renult\project_1788164131875\project_1788434794119\project_1788434802235\project_1789040384742

C:\Users\TS\AppData\Roaming\iatset\venv\Lib\site-packages\pytest_asyncio\plugin.py:247: PytestDeprecationWarning: The configuration option "asyncio_default_fixture_loop_scope" is unset.
The event loop scope for asynchronous fixtures will default to the fixture caching scope. Future versions of pytest-asyncio will default the loop scope for asynchronous fixtures to function scope. Set the default fixture loop scope explicitly in order to avoid unexpected behavior in the future. Valid fixture loop scopes are: "function", "class", "module", "package", "session"

  warnings.warn(PytestDeprecationWarning(_DEFAULT_FIXTURE_LOOP_SCOPE_UNSET))
============================= test session starts =============================
platform win32 -- Python 3.12.10, pytest-9.0.2, pluggy-1.6.0 -- C:\Users\TS\AppData\Roaming\iatset\venv\Scripts\python.exe
cachedir: .pytest_cache
rootdir: d:\renult\project_1788164131875\project_1788434794119\project_1788434802235\project_1789040384742
plugins: allure-pytest-2.15.3, anyio-4.13.0, asyncio-1.3.0, cov-7.0.0, repeat-0.9.4, timeout-2.4.0, xonsh-0.23.5
asyncio: mode=Mode.STRICT, debug=False, asyncio_default_fixture_loop_scope=None, asyncio_default_test_loop_scope=function
collecting ... collected 1 item

tests_scripts/桌面启动器/test_smoke_test_10.py::TestSmokeTest10::test_smoke_test_10 FAILED

================================== FAILURES ===================================
_____________________ TestSmokeTest10.test_smoke_test_10 ______________________

self = <test_smoke_test_10.TestSmokeTest10 object at 0x000001678DAB6390>

    @allure.story("系统UI - 日期和时间小部件显示与生命周期")
    @allure.title("系统UI - 日期和时间小部件显示与生命周期")
    @allure.severity(allure.severity_level.NORMAL)
    def test_smoke_test_10(self):
        """前置: 步骤0：车机正常启动，处于主页面 | 步骤: ['步骤0：从屏幕右侧向左滑动，打开窗口小部件编辑界面', '步骤1：点击日期和时间小部件将它添加在屏幕中，退出编辑界面并检查', '步骤2：从屏幕右侧向左滑动，打开窗口小部件编辑界面，将日期和时间小部件更换成其他小部件，退出编辑界面并检查'] | 预期: 步骤1：“日期和时间”小部件立即添加到首页并显示数据; 步骤2：“日期和时间”小部件从主页移除"""
        # AUTOCAR-DEVIATION: []
        with allure.step("步骤0: 从屏幕右侧向左滑动，打开窗口小部件编辑界面"):
            self.page.swipe_open_widget_editor()
    
        with allure.step("步骤1: 点击日期和时间小部件将它添加在屏幕中，退出编辑界面并检查"):
            self.page.add_datetime_widget()
    
        # AUTOCAR-EXPECTED[0]: 步骤1：“日期和时间”小部件立即添加到首页并显示数据
        with allure.step("验证[0]: 步骤1：“日期和时间”小部件立即添加到首页并显示数据"):
            self.car.assert_exists(Loc.DATETIME_CONTAINER, by="id", expected=True)
            self.car.assert_exists(Loc.DATETIME_DATE_TEXT, by="textContains", expected=True)
    
        with allure.step("步骤2: 从屏幕右侧向左滑动，打开窗口小部件编辑界面，将日期和时间小部件更换成其他小部件，退出编辑界面并检查"):
            self.page.swipe_open_widget_editor()
            self.page.replace_datetime_with_gg_image()
    
        # AUTOCAR-EXPECTED[1]: 步骤2：“日期和时间”小部件从主页移除
        with allure.step("验证[1]: 步骤2：“日期和时间”小部件从主页移除"):
>           self.car.assert_exists(Loc.DATETIME_CONTAINER, by="id", expected=False)

tests_scripts\桌面启动器\test_smoke_test_10.py:61: 
_ _ _ _ _ _ _ _ _ _ _ _ _ _ _ _ _ _ _ _ _ _ _ _ _ _ _ _ _ _ _ _ _ _ _ _ _ _ _ _
C:\Users\TS\AppData\Roaming\iatset\venv\Lib\site-packages\autocar\_internal\registry\method_registry.py:463: in wrapper
    result = _fn(self, *args, **kwargs)
             ^^^^^^^^^^^^^^^^^^^^^^^^^^
src/autocar/drivers/u2/driver.py:258: in autocar.drivers.u2.driver._with_device_session_recovery.wrapper
    ???
src/autocar/drivers/u2/driver.py:252: in autocar.drivers.u2.driver._with_device_session_recovery.wrapper
    ???
_ _ _ _ _ _ _ _ _ _ _ _ _ _ _ _ _ _ _ _ _ _ _ _ _ _ _ _ _ _ _ _ _ _ _ _ _ _ _ _

>   ???
E   AssertionError: 元素不应存在但存在: id=com.renault.car.launcher:id/datetime_container

src/autocar/drivers/u2/enhanced.py:2306: AssertionError
----------------------------- Captured log setup ------------------------------
INFO     autocar.auth.guard:conftest.py:96 active_key 有效，跳过网络鉴权，账号: Email
INFO     autocar.drivers.u2.driver:conftest.py:106 设备连接成功: 3696ade
INFO     autocar.drivers.factory:conftest.py:106 U2Manager 已连接设备: 3696ade
------------------------------ Captured log call ------------------------------
INFO     autocar.drivers.u2.enhanced:method_registry.py:463 custom text vehicle compatibility: enabled=False vehicle= platform= country= soc_version=
INFO     autocar.drivers.u2.driver:method_registry.py:457 display-aware click: text='日期和时间' -> (1069, 311), display-id=0, XML coords are physical screen coords
INFO     autocar.drivers.u2.driver:method_registry.py:457 display-aware click: id='com.renault.car.launcher:id/close_button' -> (1230, 97), display-id=0, XML coords are physical screen coords
INFO     autocar.drivers.u2.driver:method_registry.py:457 display-aware click: text='GG图' -> (1069, 419), display-id=0, XML coords are physical screen coords
INFO     autocar.drivers.u2.driver:method_registry.py:457 display-aware click: id='com.renault.car.launcher:id/close_button' -> (1230, 97), display-id=0, XML coords are physical screen coords
---------------------------- Captured log teardown ----------------------------
INFO     autocar.drivers.u2.driver:conftest.py:108 设备已断开
INFO     autocar.drivers.u2.driver:conftest.py:98 设备已断开
=========================== short test summary info ===========================
FAILED tests_scripts/桌面启动器/test_smoke_test_10.py::TestSmokeTest10::test_smoke_test_10
============================= 1 failed in 17.50s ==============================

--- tests_scripts/桌面启动器/test_smoke_test_11.py::TestSmokeTest11::test_smoke_test_11 (--count=1) ---
[CMD] C:\Users\TS\AppData\Roaming\iatset\venv\Scripts\python.exe -m pytest -v -s d:\renult\project_1788164131875\project_1788434794119\project_1788434802235\project_1789040384742\tests_scripts\桌面启动器\test_smoke_test_11.py::TestSmokeTest11::test_smoke_test_11 --count=1 --alluredir=d:\renult\project_1788164131875\project_1788434794119\project_1788434802235\project_1789040384742\reports\batch_2026-09-11_09-10-18\allure-results
[CWD] d:\renult\project_1788164131875\project_1788434794119\project_1788434802235\project_1789040384742

C:\Users\TS\AppData\Roaming\iatset\venv\Lib\site-packages\pytest_asyncio\plugin.py:247: PytestDeprecationWarning: The configuration option "asyncio_default_fixture_loop_scope" is unset.
The event loop scope for asynchronous fixtures will default to the fixture caching scope. Future versions of pytest-asyncio will default the loop scope for asynchronous fixtures to function scope. Set the default fixture loop scope explicitly in order to avoid unexpected behavior in the future. Valid fixture loop scopes are: "function", "class", "module", "package", "session"

  warnings.warn(PytestDeprecationWarning(_DEFAULT_FIXTURE_LOOP_SCOPE_UNSET))
============================= test session starts =============================
platform win32 -- Python 3.12.10, pytest-9.0.2, pluggy-1.6.0 -- C:\Users\TS\AppData\Roaming\iatset\venv\Scripts\python.exe
cachedir: .pytest_cache
rootdir: d:\renult\project_1788164131875\project_1788434794119\project_1788434802235\project_1789040384742
plugins: allure-pytest-2.15.3, anyio-4.13.0, asyncio-1.3.0, cov-7.0.0, repeat-0.9.4, timeout-2.4.0, xonsh-0.23.5
asyncio: mode=Mode.STRICT, debug=False, asyncio_default_fixture_loop_scope=None, asyncio_default_test_loop_scope=function
collecting ... collected 1 item

tests_scripts/桌面启动器/test_smoke_test_11.py::TestSmokeTest11::test_smoke_test_11 FAILED

================================== FAILURES ===================================
_____________________ TestSmokeTest11.test_smoke_test_11 ______________________

self = <test_smoke_test_11.TestSmokeTest11 object at 0x0000022DF10D6000>

    @allure.story("系统UI - 点击日期和时间小部件进入设置")
    @allure.title("系统UI - 点击日期和时间小部件进入设置")
    @allure.severity(allure.severity_level.NORMAL)
    def test_smoke_test_11(self):
        """前置: 步骤0：车机正常启动，处于主页面; 步骤1：\"日期和时间\"小部件已添加到主界面 | 步骤: ['步骤1：点击主界面上的\"日期和时间\"小部件'] | 预期: 步骤1：系统进入\"日期和时间\"设置页面"""
        # AUTOCAR-DEVIATION: []
        # final_assertions[0]（datetime_container）位于点击动作之前（before_action_id=fe9989aa8ff2:0）：点击前核对主界面小部件容器
        with allure.step("验证[0]（点击前）: 主界面显示日期和时间小部件容器"):
            self.car.assert_exists(
                Loc.DATETIME_CONTAINER,
                by="id",
                expected=True,
                timeout=5.0,
                msg="点击前主界面应显示日期和时间小部件容器",
            )
    
        with allure.step("步骤1: 点击主界面上的\"日期和时间\"小部件"):
            self.page.click_datetime_widget()
    
        # AUTOCAR-EXPECTED[0]: 步骤1：系统进入"日期和时间"设置页面
        # 点击后页面为 com.android.car.settings/...DatetimeSettingsActivity（explored after_capture 证据）；
        # launcher 的 datetime_container 仅存在于首页（点击前已核对），设置页用文本断言验证
        with allure.step("验证[0]: 步骤1：系统进入\"日期和时间\"设置页面"):
>           self.car.assert_exists(
                Loc.WIDGET_EDIT_DATE_TIME,
                by="text",
                expected=True,
                timeout=5.0,
                msg="设置页面显示日期和时间文案",
            )

tests_scripts\桌面启动器\test_smoke_test_11.py:67: 
_ _ _ _ _ _ _ _ _ _ _ _ _ _ _ _ _ _ _ _ _ _ _ _ _ _ _ _ _ _ _ _ _ _ _ _ _ _ _ _
C:\Users\TS\AppData\Roaming\iatset\venv\Lib\site-packages\autocar\_internal\registry\method_registry.py:463: in wrapper
    result = _fn(self, *args, **kwargs)
             ^^^^^^^^^^^^^^^^^^^^^^^^^^
src/autocar/drivers/u2/driver.py:258: in autocar.drivers.u2.driver._with_device_session_recovery.wrapper
    ???
src/autocar/drivers/u2/driver.py:252: in autocar.drivers.u2.driver._with_device_session_recovery.wrapper
    ???
_ _ _ _ _ _ _ _ _ _ _ _ _ _ _ _ _ _ _ _ _ _ _ _ _ _ _ _ _ _ _ _ _ _ _ _ _ _ _ _

>   ???
E   AssertionError: 设置页面显示日期和时间文案

src/autocar/drivers/u2/enhanced.py:2304: AssertionError
----------------------------- Captured log setup ------------------------------
INFO     autocar.auth.guard:conftest.py:96 active_key 有效，跳过网络鉴权，账号: Email
INFO     autocar.drivers.u2.driver:conftest.py:106 设备连接成功: 3696ade
INFO     autocar.drivers.factory:conftest.py:106 U2Manager 已连接设备: 3696ade
INFO     autocar.drivers.u2.enhanced:method_registry.py:463 custom text vehicle compatibility: enabled=False vehicle= platform= country= soc_version=
INFO     autocar.drivers.u2.driver:method_registry.py:457 display-aware click: text='日期和时间' -> (1069, 311), display-id=0, XML coords are physical screen coords
INFO     autocar.drivers.u2.driver:method_registry.py:457 display-aware click: id='com.renault.car.launcher:id/close_button' -> (1230, 97), display-id=0, XML coords are physical screen coords
---------------------------- Captured log teardown ----------------------------
INFO     autocar.drivers.u2.driver:conftest.py:108 设备已断开
INFO     autocar.drivers.u2.driver:conftest.py:98 设备已断开
=========================== short test summary info ===========================
FAILED tests_scripts/桌面启动器/test_smoke_test_11.py::TestSmokeTest11::test_smoke_test_11
============================= 1 failed in 22.62s ==============================

--- tests_scripts/桌面启动器/test_smoke_test_12.py::TestSmokeTest12::test_smoke_test_12 (--count=1) ---
[CMD] C:\Users\TS\AppData\Roaming\iatset\venv\Scripts\python.exe -m pytest -v -s d:\renult\project_1788164131875\project_1788434794119\project_1788434802235\project_1789040384742\tests_scripts\桌面启动器\test_smoke_test_12.py::TestSmokeTest12::test_smoke_test_12 --count=1 --alluredir=d:\renult\project_1788164131875\project_1788434794119\project_1788434802235\project_1789040384742\reports\batch_2026-09-11_09-10-18\allure-results
[CWD] d:\renult\project_1788164131875\project_1788434794119\project_1788434802235\project_1789040384742

C:\Users\TS\AppData\Roaming\iatset\venv\Lib\site-packages\pytest_asyncio\plugin.py:247: PytestDeprecationWarning: The configuration option "asyncio_default_fixture_loop_scope" is unset.
The event loop scope for asynchronous fixtures will default to the fixture caching scope. Future versions of pytest-asyncio will default the loop scope for asynchronous fixtures to function scope. Set the default fixture loop scope explicitly in order to avoid unexpected behavior in the future. Valid fixture loop scopes are: "function", "class", "module", "package", "session"

  warnings.warn(PytestDeprecationWarning(_DEFAULT_FIXTURE_LOOP_SCOPE_UNSET))
============================= test session starts =============================
platform win32 -- Python 3.12.10, pytest-9.0.2, pluggy-1.6.0 -- C:\Users\TS\AppData\Roaming\iatset\venv\Scripts\python.exe
cachedir: .pytest_cache
rootdir: d:\renult\project_1788164131875\project_1788434794119\project_1788434802235\project_1789040384742
plugins: allure-pytest-2.15.3, anyio-4.13.0, asyncio-1.3.0, cov-7.0.0, repeat-0.9.4, timeout-2.4.0, xonsh-0.23.5
asyncio: mode=Mode.STRICT, debug=False, asyncio_default_fixture_loop_scope=None, asyncio_default_test_loop_scope=function
collecting ... collected 1 item

tests_scripts/桌面启动器/test_smoke_test_12.py::TestSmokeTest12::test_smoke_test_12 PASSED

============================= 1 passed in 37.54s ==============================

--- tests_scripts/桌面启动器/test_smoke_test_13.py::TestSmokeTest13::test_smoke_test_13 (--count=1) ---
[CMD] C:\Users\TS\AppData\Roaming\iatset\venv\Scripts\python.exe -m pytest -v -s d:\renult\project_1788164131875\project_1788434794119\project_1788434802235\project_1789040384742\tests_scripts\桌面启动器\test_smoke_test_13.py::TestSmokeTest13::test_smoke_test_13 --count=1 --alluredir=d:\renult\project_1788164131875\project_1788434794119\project_1788434802235\project_1789040384742\reports\batch_2026-09-11_09-10-18\allure-results
[CWD] d:\renult\project_1788164131875\project_1788434794119\project_1788434802235\project_1789040384742

C:\Users\TS\AppData\Roaming\iatset\venv\Lib\site-packages\pytest_asyncio\plugin.py:247: PytestDeprecationWarning: The configuration option "asyncio_default_fixture_loop_scope" is unset.
The event loop scope for asynchronous fixtures will default to the fixture caching scope. Future versions of pytest-asyncio will default the loop scope for asynchronous fixtures to function scope. Set the default fixture loop scope explicitly in order to avoid unexpected behavior in the future. Valid fixture loop scopes are: "function", "class", "module", "package", "session"

  warnings.warn(PytestDeprecationWarning(_DEFAULT_FIXTURE_LOOP_SCOPE_UNSET))
============================= test session starts =============================
platform win32 -- Python 3.12.10, pytest-9.0.2, pluggy-1.6.0 -- C:\Users\TS\AppData\Roaming\iatset\venv\Scripts\python.exe
cachedir: .pytest_cache
rootdir: d:\renult\project_1788164131875\project_1788434794119\project_1788434802235\project_1789040384742
plugins: allure-pytest-2.15.3, anyio-4.13.0, asyncio-1.3.0, cov-7.0.0, repeat-0.9.4, timeout-2.4.0, xonsh-0.23.5
asyncio: mode=Mode.STRICT, debug=False, asyncio_default_fixture_loop_scope=None, asyncio_default_test_loop_scope=function
collecting ... collected 1 item

tests_scripts/桌面启动器/test_smoke_test_13.py::TestSmokeTest13::test_smoke_test_13 ERROR

=================================== ERRORS ====================================
____________ ERROR at setup of TestSmokeTest13.test_smoke_test_13 _____________
case_issue: 前置状态未证明——步骤0：车机正常启动，处于主页面；步骤1："音频"小部件已添加到主页面。Explore 未提供可执行 setup 动作，无法建立原始 case 明确要求的前置状态
----------------------------- Captured log setup ------------------------------
INFO     autocar.auth.guard:conftest.py:96 active_key 有效，跳过网络鉴权，账号: Email
INFO     autocar.drivers.u2.driver:conftest.py:106 设备连接成功: 3696ade
INFO     autocar.drivers.factory:conftest.py:106 U2Manager 已连接设备: 3696ade
=========================== short test summary info ===========================
ERROR tests_scripts/桌面启动器/test_smoke_test_13.py::TestSmokeTest13::test_smoke_test_13
============================== 1 error in 6.06s ===============================

--- tests_scripts/桌面启动器/test_smoke_test_14.py::TestSmokeTest14::test_smoke_test_14 (--count=1) ---
[CMD] C:\Users\TS\AppData\Roaming\iatset\venv\Scripts\python.exe -m pytest -v -s d:\renult\project_1788164131875\project_1788434794119\project_1788434802235\project_1789040384742\tests_scripts\桌面启动器\test_smoke_test_14.py::TestSmokeTest14::test_smoke_test_14 --count=1 --alluredir=d:\renult\project_1788164131875\project_1788434794119\project_1788434802235\project_1789040384742\reports\batch_2026-09-11_09-10-18\allure-results
[CWD] d:\renult\project_1788164131875\project_1788434794119\project_1788434802235\project_1789040384742

C:\Users\TS\AppData\Roaming\iatset\venv\Lib\site-packages\pytest_asyncio\plugin.py:247: PytestDeprecationWarning: The configuration option "asyncio_default_fixture_loop_scope" is unset.
The event loop scope for asynchronous fixtures will default to the fixture caching scope. Future versions of pytest-asyncio will default the loop scope for asynchronous fixtures to function scope. Set the default fixture loop scope explicitly in order to avoid unexpected behavior in the future. Valid fixture loop scopes are: "function", "class", "module", "package", "session"

  warnings.warn(PytestDeprecationWarning(_DEFAULT_FIXTURE_LOOP_SCOPE_UNSET))
============================= test session starts =============================
platform win32 -- Python 3.12.10, pytest-9.0.2, pluggy-1.6.0 -- C:\Users\TS\AppData\Roaming\iatset\venv\Scripts\python.exe
cachedir: .pytest_cache
rootdir: d:\renult\project_1788164131875\project_1788434794119\project_1788434802235\project_1789040384742
plugins: allure-pytest-2.15.3, anyio-4.13.0, asyncio-1.3.0, cov-7.0.0, repeat-0.9.4, timeout-2.4.0, xonsh-0.23.5
asyncio: mode=Mode.STRICT, debug=False, asyncio_default_fixture_loop_scope=None, asyncio_default_test_loop_scope=function
collecting ... collected 1 item

tests_scripts/桌面启动器/test_smoke_test_14.py::TestSmokeTest14::test_smoke_test_14 PASSED

============================= 1 passed in 37.80s ==============================

--- tests_scripts/桌面启动器/test_smoke_test_15.py::TestSmokeTest15::test_smoke_test_15 (--count=1) ---
[CMD] C:\Users\TS\AppData\Roaming\iatset\venv\Scripts\python.exe -m pytest -v -s d:\renult\project_1788164131875\project_1788434794119\project_1788434802235\project_1789040384742\tests_scripts\桌面启动器\test_smoke_test_15.py::TestSmokeTest15::test_smoke_test_15 --count=1 --alluredir=d:\renult\project_1788164131875\project_1788434794119\project_1788434802235\project_1789040384742\reports\batch_2026-09-11_09-10-18\allure-results
[CWD] d:\renult\project_1788164131875\project_1788434794119\project_1788434802235\project_1789040384742

C:\Users\TS\AppData\Roaming\iatset\venv\Lib\site-packages\pytest_asyncio\plugin.py:247: PytestDeprecationWarning: The configuration option "asyncio_default_fixture_loop_scope" is unset.
The event loop scope for asynchronous fixtures will default to the fixture caching scope. Future versions of pytest-asyncio will default the loop scope for asynchronous fixtures to function scope. Set the default fixture loop scope explicitly in order to avoid unexpected behavior in the future. Valid fixture loop scopes are: "function", "class", "module", "package", "session"

  warnings.warn(PytestDeprecationWarning(_DEFAULT_FIXTURE_LOOP_SCOPE_UNSET))
============================= test session starts =============================
platform win32 -- Python 3.12.10, pytest-9.0.2, pluggy-1.6.0 -- C:\Users\TS\AppData\Roaming\iatset\venv\Scripts\python.exe
cachedir: .pytest_cache
rootdir: d:\renult\project_1788164131875\project_1788434794119\project_1788434802235\project_1789040384742
plugins: allure-pytest-2.15.3, anyio-4.13.0, asyncio-1.3.0, cov-7.0.0, repeat-0.9.4, timeout-2.4.0, xonsh-0.23.5
asyncio: mode=Mode.STRICT, debug=False, asyncio_default_fixture_loop_scope=None, asyncio_default_test_loop_scope=function
collecting ... collected 1 item

tests_scripts/桌面启动器/test_smoke_test_15.py::TestSmokeTest15::test_smoke_test_15 PASSED

============================= 1 passed in 15.00s ==============================

--- tests_scripts/桌面启动器/test_smoke_test_36_row14.py::TestSmokeTest36Row14::test_smoke_test_36_row14 (--count=1) ---
[CMD] C:\Users\TS\AppData\Roaming\iatset\venv\Scripts\python.exe -m pytest -v -s d:\renult\project_1788164131875\project_1788434794119\project_1788434802235\project_1789040384742\tests_scripts\桌面启动器\test_smoke_test_36_row14.py::TestSmokeTest36Row14::test_smoke_test_36_row14 --count=1 --alluredir=d:\renult\project_1788164131875\project_1788434794119\project_1788434802235\project_1789040384742\reports\batch_2026-09-11_09-10-18\allure-results
[CWD] d:\renult\project_1788164131875\project_1788434794119\project_1788434802235\project_1789040384742

C:\Users\TS\AppData\Roaming\iatset\venv\Lib\site-packages\pytest_asyncio\plugin.py:247: PytestDeprecationWarning: The configuration option "asyncio_default_fixture_loop_scope" is unset.
The event loop scope for asynchronous fixtures will default to the fixture caching scope. Future versions of pytest-asyncio will default the loop scope for asynchronous fixtures to function scope. Set the default fixture loop scope explicitly in order to avoid unexpected behavior in the future. Valid fixture loop scopes are: "function", "class", "module", "package", "session"

  warnings.warn(PytestDeprecationWarning(_DEFAULT_FIXTURE_LOOP_SCOPE_UNSET))
============================= test session starts =============================
platform win32 -- Python 3.12.10, pytest-9.0.2, pluggy-1.6.0 -- C:\Users\TS\AppData\Roaming\iatset\venv\Scripts\python.exe
cachedir: .pytest_cache
rootdir: d:\renult\project_1788164131875\project_1788434794119\project_1788434802235\project_1789040384742
plugins: allure-pytest-2.15.3, anyio-4.13.0, asyncio-1.3.0, cov-7.0.0, repeat-0.9.4, timeout-2.4.0, xonsh-0.23.5
asyncio: mode=Mode.STRICT, debug=False, asyncio_default_fixture_loop_scope=None, asyncio_default_test_loop_scope=function
collecting ... collected 1 item

tests_scripts/桌面启动器/test_smoke_test_36_row14.py::TestSmokeTest36Row14::test_smoke_test_36_row14 PASSED

============================= 1 passed in 16.20s ==============================

正在生成 Allure 报告…
Report successfully generated to reports

报告路径：d:\renult\project_1788164131875\project_1788434794119\project_1788434802235\project_1789040384742\reports\batch_2026-09-11_09-10-18\reports
（使用“打开报告”启动 Allure 服务并在浏览器中打开）

执行完成。
