开始执行测试（19 个脚本，19 次运行）…


--- tests_scripts/桌面启动器/test_smoke_test_3.py::TestSmokeTest3::test_smoke_test_3 (--count=1) ---
[CMD] C:\Users\TS\AppData\Roaming\iatset\venv\Scripts\python.exe -m pytest -v -s d:\renult\project_1788164131875\project_1788434794119\project_1788434802235\project_1789040384742\tests_scripts\桌面启动器\test_smoke_test_3.py::TestSmokeTest3::test_smoke_test_3 --count=1 --alluredir=d:\renult\project_1788164131875\project_1788434794119\project_1788434802235\project_1789040384742\reports\batch_2026-09-11_14-08-42\allure-results
[CWD] d:\renult\project_1788164131875\project_1788434794119\project_1788434802235\project_1789040384742

C:\Users\TS\AppData\Roaming\iatset\venv\Lib\site-packages\pytest_asyncio\plugin.py:247: PytestDeprecationWarning: The configuration option "asyncio_default_fixture_loop_scope" is unset.
The event loop scope for asynchronous fixtures will default to the fixture caching scope. Future versions of pytest-asyncio will default the loop scope for asynchronous fixtures to function scope. Set the default fixture loop scope explicitly in order to avoid unexpected behavior in the future. Valid fixture loop scopes are: "function", "class", "module", "package", "session"

  warnings.warn(PytestDeprecationWarning(_DEFAULT_FIXTURE_LOOP_SCOPE_UNSET))
============================= test session starts =============================
platform win32 -- Python 3.12.10, pytest-9.0.2, pluggy-1.6.0 -- C:\Users\TS\AppData\Roaming\iatset\venv\Scripts\python.exe
cachedir: .pytest_cache
rootdir: d:\renult\project_1788164131875\project_1788434794119\project_1788434802235\project_1789040384742
plugins: allure-pytest-2.15.3, anyio-4.13.0, asyncio-1.3.0, cov-7.0.0, repeat-0.9.4, timeout-2.4.0, xonsh-0.23.5
asyncio: mode=Mode.STRICT, debug=False, asyncio_default_fixture_loop_scope=None, asyncio_default_test_loop_scope=function
collecting ... collected 1 item

tests_scripts/桌面启动器/test_smoke_test_3.py::TestSmokeTest3::test_smoke_test_3 PASSED

============================== 1 passed in 8.99s ==============================

--- tests_scripts/桌面启动器/test_smoke_test_4.py::TestSmokeTest4::test_smoke_test_4 (--count=1) ---
[CMD] C:\Users\TS\AppData\Roaming\iatset\venv\Scripts\python.exe -m pytest -v -s d:\renult\project_1788164131875\project_1788434794119\project_1788434802235\project_1789040384742\tests_scripts\桌面启动器\test_smoke_test_4.py::TestSmokeTest4::test_smoke_test_4 --count=1 --alluredir=d:\renult\project_1788164131875\project_1788434794119\project_1788434802235\project_1789040384742\reports\batch_2026-09-11_14-08-42\allure-results
[CWD] d:\renult\project_1788164131875\project_1788434794119\project_1788434802235\project_1789040384742

C:\Users\TS\AppData\Roaming\iatset\venv\Lib\site-packages\pytest_asyncio\plugin.py:247: PytestDeprecationWarning: The configuration option "asyncio_default_fixture_loop_scope" is unset.
The event loop scope for asynchronous fixtures will default to the fixture caching scope. Future versions of pytest-asyncio will default the loop scope for asynchronous fixtures to function scope. Set the default fixture loop scope explicitly in order to avoid unexpected behavior in the future. Valid fixture loop scopes are: "function", "class", "module", "package", "session"

  warnings.warn(PytestDeprecationWarning(_DEFAULT_FIXTURE_LOOP_SCOPE_UNSET))
============================= test session starts =============================
platform win32 -- Python 3.12.10, pytest-9.0.2, pluggy-1.6.0 -- C:\Users\TS\AppData\Roaming\iatset\venv\Scripts\python.exe
cachedir: .pytest_cache
rootdir: d:\renult\project_1788164131875\project_1788434794119\project_1788434802235\project_1789040384742
plugins: allure-pytest-2.15.3, anyio-4.13.0, asyncio-1.3.0, cov-7.0.0, repeat-0.9.4, timeout-2.4.0, xonsh-0.23.5
asyncio: mode=Mode.STRICT, debug=False, asyncio_default_fixture_loop_scope=None, asyncio_default_test_loop_scope=function
collecting ... collected 1 item

tests_scripts/桌面启动器/test_smoke_test_4.py::TestSmokeTest4::test_smoke_test_4 PASSED

============================= 1 passed in 20.18s ==============================

--- tests_scripts/桌面启动器/test_smoke_test_6.py::TestSmokeTest6::test_smoke_test_6 (--count=1) ---
[CMD] C:\Users\TS\AppData\Roaming\iatset\venv\Scripts\python.exe -m pytest -v -s d:\renult\project_1788164131875\project_1788434794119\project_1788434802235\project_1789040384742\tests_scripts\桌面启动器\test_smoke_test_6.py::TestSmokeTest6::test_smoke_test_6 --count=1 --alluredir=d:\renult\project_1788164131875\project_1788434794119\project_1788434802235\project_1789040384742\reports\batch_2026-09-11_14-08-42\allure-results
[CWD] d:\renult\project_1788164131875\project_1788434794119\project_1788434802235\project_1789040384742

C:\Users\TS\AppData\Roaming\iatset\venv\Lib\site-packages\pytest_asyncio\plugin.py:247: PytestDeprecationWarning: The configuration option "asyncio_default_fixture_loop_scope" is unset.
The event loop scope for asynchronous fixtures will default to the fixture caching scope. Future versions of pytest-asyncio will default the loop scope for asynchronous fixtures to function scope. Set the default fixture loop scope explicitly in order to avoid unexpected behavior in the future. Valid fixture loop scopes are: "function", "class", "module", "package", "session"

  warnings.warn(PytestDeprecationWarning(_DEFAULT_FIXTURE_LOOP_SCOPE_UNSET))
============================= test session starts =============================
platform win32 -- Python 3.12.10, pytest-9.0.2, pluggy-1.6.0 -- C:\Users\TS\AppData\Roaming\iatset\venv\Scripts\python.exe
cachedir: .pytest_cache
rootdir: d:\renult\project_1788164131875\project_1788434794119\project_1788434802235\project_1789040384742
plugins: allure-pytest-2.15.3, anyio-4.13.0, asyncio-1.3.0, cov-7.0.0, repeat-0.9.4, timeout-2.4.0, xonsh-0.23.5
asyncio: mode=Mode.STRICT, debug=False, asyncio_default_fixture_loop_scope=None, asyncio_default_test_loop_scope=function
collecting ... collected 1 item

tests_scripts/桌面启动器/test_smoke_test_6.py::TestSmokeTest6::test_smoke_test_6 PASSED

============================= 1 passed in 12.61s ==============================

--- tests_scripts/桌面启动器/test_smoke_test_7_row5.py::TestSmokeTest7Row5::test_smoke_test_7_row5 (--count=1) ---
[CMD] C:\Users\TS\AppData\Roaming\iatset\venv\Scripts\python.exe -m pytest -v -s d:\renult\project_1788164131875\project_1788434794119\project_1788434802235\project_1789040384742\tests_scripts\桌面启动器\test_smoke_test_7_row5.py::TestSmokeTest7Row5::test_smoke_test_7_row5 --count=1 --alluredir=d:\renult\project_1788164131875\project_1788434794119\project_1788434802235\project_1789040384742\reports\batch_2026-09-11_14-08-42\allure-results
[CWD] d:\renult\project_1788164131875\project_1788434794119\project_1788434802235\project_1789040384742

C:\Users\TS\AppData\Roaming\iatset\venv\Lib\site-packages\pytest_asyncio\plugin.py:247: PytestDeprecationWarning: The configuration option "asyncio_default_fixture_loop_scope" is unset.
The event loop scope for asynchronous fixtures will default to the fixture caching scope. Future versions of pytest-asyncio will default the loop scope for asynchronous fixtures to function scope. Set the default fixture loop scope explicitly in order to avoid unexpected behavior in the future. Valid fixture loop scopes are: "function", "class", "module", "package", "session"

  warnings.warn(PytestDeprecationWarning(_DEFAULT_FIXTURE_LOOP_SCOPE_UNSET))
============================= test session starts =============================
platform win32 -- Python 3.12.10, pytest-9.0.2, pluggy-1.6.0 -- C:\Users\TS\AppData\Roaming\iatset\venv\Scripts\python.exe
cachedir: .pytest_cache
rootdir: d:\renult\project_1788164131875\project_1788434794119\project_1788434802235\project_1789040384742
plugins: allure-pytest-2.15.3, anyio-4.13.0, asyncio-1.3.0, cov-7.0.0, repeat-0.9.4, timeout-2.4.0, xonsh-0.23.5
asyncio: mode=Mode.STRICT, debug=False, asyncio_default_fixture_loop_scope=None, asyncio_default_test_loop_scope=function
collecting ... collected 1 item

tests_scripts/桌面启动器/test_smoke_test_7_row5.py::TestSmokeTest7Row5::test_smoke_test_7_row5 PASSED

============================= 1 passed in 20.62s ==============================

--- tests_scripts/桌面启动器/test_smoke_test_7_row6.py::TestSmokeTest7Row6::test_smoke_test_7_row6 (--count=1) ---
[CMD] C:\Users\TS\AppData\Roaming\iatset\venv\Scripts\python.exe -m pytest -v -s d:\renult\project_1788164131875\project_1788434794119\project_1788434802235\project_1789040384742\tests_scripts\桌面启动器\test_smoke_test_7_row6.py::TestSmokeTest7Row6::test_smoke_test_7_row6 --count=1 --alluredir=d:\renult\project_1788164131875\project_1788434794119\project_1788434802235\project_1789040384742\reports\batch_2026-09-11_14-08-42\allure-results
[CWD] d:\renult\project_1788164131875\project_1788434794119\project_1788434802235\project_1789040384742

C:\Users\TS\AppData\Roaming\iatset\venv\Lib\site-packages\pytest_asyncio\plugin.py:247: PytestDeprecationWarning: The configuration option "asyncio_default_fixture_loop_scope" is unset.
The event loop scope for asynchronous fixtures will default to the fixture caching scope. Future versions of pytest-asyncio will default the loop scope for asynchronous fixtures to function scope. Set the default fixture loop scope explicitly in order to avoid unexpected behavior in the future. Valid fixture loop scopes are: "function", "class", "module", "package", "session"

  warnings.warn(PytestDeprecationWarning(_DEFAULT_FIXTURE_LOOP_SCOPE_UNSET))
============================= test session starts =============================
platform win32 -- Python 3.12.10, pytest-9.0.2, pluggy-1.6.0 -- C:\Users\TS\AppData\Roaming\iatset\venv\Scripts\python.exe
cachedir: .pytest_cache
rootdir: d:\renult\project_1788164131875\project_1788434794119\project_1788434802235\project_1789040384742
plugins: allure-pytest-2.15.3, anyio-4.13.0, asyncio-1.3.0, cov-7.0.0, repeat-0.9.4, timeout-2.4.0, xonsh-0.23.5
asyncio: mode=Mode.STRICT, debug=False, asyncio_default_fixture_loop_scope=None, asyncio_default_test_loop_scope=function
collecting ... collected 1 item

tests_scripts/桌面启动器/test_smoke_test_7_row6.py::TestSmokeTest7Row6::test_smoke_test_7_row6 FAILED

================================== FAILURES ===================================
__________________ TestSmokeTest7Row6.test_smoke_test_7_row6 __________________

self = <test_smoke_test_7_row6.TestSmokeTest7Row6 object at 0x000001FAEBD1C920>

    @allure.story("系统UI - 窗口小部件编辑")
    @allure.title("系统UI - 窗口小部件编辑")
    @allure.severity(allure.severity_level.NORMAL)
    def test_smoke_test_7_row6(self):
        """前置: 步骤0：车机正常启动，处于主页面 | 步骤: ['步骤0：从屏幕右侧向左滑动，打开窗口小部件编辑界面'] | 预期: 步骤0：右侧出现“编辑窗口部件”窗口，下方显示“Google助理”，“日期和时间”，“GG图”，“Eco Score”“电话”，“”音频，“车辆”选项"""
        # AUTOCAR-DEVIATION: []
        with allure.step("步骤0: 从屏幕右侧向左滑动，打开窗口小部件编辑界面"):
            self.page.swipe_open_widget_editor()
    
        # AUTOCAR-EXPECTED[0]: 步骤0：右侧出现“编辑窗口部件”窗口，下方显示“Google助理”，“日期和时间”，“GG图”，“Eco Score”“电话”，“”音频，“车辆”选项
        with allure.step("验证[0] 小部件编辑窗口标题: 编辑窗口部件"):
            self.car.assert_exists(
                Loc.WIDGET_EDIT_TITLE,
                by="text",
                expected=True,
                timeout=5.0,
                msg="右侧出现“编辑窗口部件”窗口",
            )
        with allure.step("验证[0] 小部件选项: Google 助理"):
            self.car.assert_text(Loc.WIDGET_EDIT_GOOGLE_ASSISTANT, "Google 助理", by="text", msg="小部件选项“Google助理”存在")
        with allure.step("验证[0] 小部件选项: 日期和时间"):
>           self.car.assert_text(Loc.WIDGET_EDIT_DATE_TIME, "日期和时间", by="text", msg="小部件选项“日期和时间”存在")

tests_scripts\桌面启动器\test_smoke_test_7_row6.py:60: 
_ _ _ _ _ _ _ _ _ _ _ _ _ _ _ _ _ _ _ _ _ _ _ _ _ _ _ _ _ _ _ _ _ _ _ _ _ _ _ _
C:\Users\TS\AppData\Roaming\iatset\venv\Lib\site-packages\autocar\_internal\registry\method_registry.py:463: in wrapper
    result = _fn(self, *args, **kwargs)
             ^^^^^^^^^^^^^^^^^^^^^^^^^^
src/autocar/drivers/u2/driver.py:258: in autocar.drivers.u2.driver._with_device_session_recovery.wrapper
    ???
src/autocar/drivers/u2/driver.py:252: in autocar.drivers.u2.driver._with_device_session_recovery.wrapper
    ???
_ _ _ _ _ _ _ _ _ _ _ _ _ _ _ _ _ _ _ _ _ _ _ _ _ _ _ _ _ _ _ _ _ _ _ _ _ _ _ _

>   ???
E   AssertionError: 小部件选项“日期和时间”存在

src/autocar/drivers/u2/enhanced.py:2320: AssertionError
----------------------------- Captured log setup ------------------------------
INFO     autocar.auth.guard:conftest.py:96 active_key 有效，跳过网络鉴权，账号: Email
INFO     autocar.drivers.u2.driver:conftest.py:106 设备连接成功: 3696ade
INFO     autocar.drivers.factory:conftest.py:106 U2Manager 已连接设备: 3696ade
------------------------------ Captured log call ------------------------------
INFO     autocar.drivers.u2.enhanced:method_registry.py:463 custom text vehicle compatibility: enabled=False vehicle= platform= country= soc_version=
---------------------------- Captured log teardown ----------------------------
INFO     autocar.drivers.u2.driver:conftest.py:108 设备已断开
INFO     autocar.drivers.u2.driver:conftest.py:98 设备已断开
=========================== short test summary info ===========================
FAILED tests_scripts/桌面启动器/test_smoke_test_7_row6.py::TestSmokeTest7Row6::test_smoke_test_7_row6
============================= 1 failed in 11.85s ==============================

--- tests_scripts/桌面启动器/test_smoke_test_9.py::TestSmokeTest9::test_smoke_test_9 (--count=1) ---
[CMD] C:\Users\TS\AppData\Roaming\iatset\venv\Scripts\python.exe -m pytest -v -s d:\renult\project_1788164131875\project_1788434794119\project_1788434802235\project_1789040384742\tests_scripts\桌面启动器\test_smoke_test_9.py::TestSmokeTest9::test_smoke_test_9 --count=1 --alluredir=d:\renult\project_1788164131875\project_1788434794119\project_1788434802235\project_1789040384742\reports\batch_2026-09-11_14-08-42\allure-results
[CWD] d:\renult\project_1788164131875\project_1788434794119\project_1788434802235\project_1789040384742

C:\Users\TS\AppData\Roaming\iatset\venv\Lib\site-packages\pytest_asyncio\plugin.py:247: PytestDeprecationWarning: The configuration option "asyncio_default_fixture_loop_scope" is unset.
The event loop scope for asynchronous fixtures will default to the fixture caching scope. Future versions of pytest-asyncio will default the loop scope for asynchronous fixtures to function scope. Set the default fixture loop scope explicitly in order to avoid unexpected behavior in the future. Valid fixture loop scopes are: "function", "class", "module", "package", "session"

  warnings.warn(PytestDeprecationWarning(_DEFAULT_FIXTURE_LOOP_SCOPE_UNSET))
============================= test session starts =============================
platform win32 -- Python 3.12.10, pytest-9.0.2, pluggy-1.6.0 -- C:\Users\TS\AppData\Roaming\iatset\venv\Scripts\python.exe
cachedir: .pytest_cache
rootdir: d:\renult\project_1788164131875\project_1788434794119\project_1788434802235\project_1789040384742
plugins: allure-pytest-2.15.3, anyio-4.13.0, asyncio-1.3.0, cov-7.0.0, repeat-0.9.4, timeout-2.4.0, xonsh-0.23.5
asyncio: mode=Mode.STRICT, debug=False, asyncio_default_fixture_loop_scope=None, asyncio_default_test_loop_scope=function
collecting ... collected 1 item

tests_scripts/桌面启动器/test_smoke_test_9.py::TestSmokeTest9::test_smoke_test_9 FAILED

================================== FAILURES ===================================
______________________ TestSmokeTest9.test_smoke_test_9 _______________________

self = <test_smoke_test_9.TestSmokeTest9 object at 0x000001E721D1AAE0>

    @allure.story("系统UI - 谷歌助手小部件生命周期")
    @allure.title("系统UI - 谷歌助手小部件生命周期")
    @allure.severity(allure.severity_level.NORMAL)
    def test_smoke_test_9(self):
        """前置: 步骤0：车机正常启动，处于主页面 | 步骤: ['步骤0：从屏幕右侧向左滑动，打开窗口小部件编辑界面', '步骤1：点击“Goolge助理”小部件将它添加在屏幕中，退出编辑界面并检查', '步骤2：点击首页的“Goolge助理”小部件', '步骤3：从屏幕右侧向左滑动，打开窗口小部件编辑界面，将“Goolge助理”小部件更换成其他小部件，退出编辑界面并检查'] | 预期: 步骤1：“Goolge助理”小部件立即添加到主页面; 步骤2：语音交互焦点（燃油图标和聆听状态）应出现在屏幕底部; 步骤3：“Goolge助理”小部件从主页移除"""
        # AUTOCAR-DEVIATION: []
        with allure.step("步骤0: 从屏幕右侧向左滑动，打开窗口小部件编辑界面"):
            self.page.swipe_open_widget_editor()
    
        with allure.step("步骤1: 点击 Google 助理小部件添加至主页面，并退出编辑界面"):
            self.page.add_google_assistant_widget()
    
        # AUTOCAR-EXPECTED[0]: 步骤1：“Goolge助理”小部件立即添加到主页面
        with allure.step("验证[0]: 步骤1：“Goolge助理”小部件立即添加到主页面"):
            self.car.assert_exists(Loc.GOOGLE_ASSISTANT, by="text", expected=True, timeout=5.0)
    
        with allure.step("步骤2: 点击首页的 Google 助理小部件"):
            self.page.click_google_assistant()
            time.sleep(3)  # 等待语音交互焦点出现
        # AUTOCAR-EXPECTED[1]: 步骤2：语音交互焦点（燃油图标和聆听状态）应出现在屏幕底部
        with allure.step("验证[1]: 步骤2：语音交互焦点（燃油图标和聆听状态）应出现在屏幕底部"):
            # 语音交互焦点条出现（final_assertions: by=id，稳定结构断言）
            self.car.assert_exists(Loc.VOICEPLATE, by="id", expected=True, timeout=5.0)
            # 语音交互焦点为动态画面（聆听状态/波形实时变化），静态基准图比对不稳定，
            # 改用截图留档供确认燃油图标与聆听状态。
            self._shot_attach("voiceplate_listening")
    
        with allure.step("步骤3: 打开窗口小部件编辑界面，将 Google 助理小部件更换成其他小部件并退出"):
            self.page.replace_google_assistant_with_datetime()
    
        # AUTOCAR-EXPECTED[2]: 步骤3：“Goolge助理”小部件从主页移除
        with allure.step("验证[2]: 步骤3：“Goolge助理”小部件从主页移除"):
>           self.car.assert_exists(Loc.GOOGLE_ASSISTANT, by="text", expected=False, timeout=5.0)

tests_scripts\桌面启动器\test_smoke_test_9.py:70: 
_ _ _ _ _ _ _ _ _ _ _ _ _ _ _ _ _ _ _ _ _ _ _ _ _ _ _ _ _ _ _ _ _ _ _ _ _ _ _ _
C:\Users\TS\AppData\Roaming\iatset\venv\Lib\site-packages\autocar\_internal\registry\method_registry.py:463: in wrapper
    result = _fn(self, *args, **kwargs)
             ^^^^^^^^^^^^^^^^^^^^^^^^^^
src/autocar/drivers/u2/driver.py:258: in autocar.drivers.u2.driver._with_device_session_recovery.wrapper
    ???
src/autocar/drivers/u2/driver.py:252: in autocar.drivers.u2.driver._with_device_session_recovery.wrapper
    ???
_ _ _ _ _ _ _ _ _ _ _ _ _ _ _ _ _ _ _ _ _ _ _ _ _ _ _ _ _ _ _ _ _ _ _ _ _ _ _ _

>   ???
E   AssertionError: 元素不应存在但存在: text=Google 助理

src/autocar/drivers/u2/enhanced.py:2306: AssertionError
----------------------------- Captured log setup ------------------------------
INFO     autocar.auth.guard:conftest.py:96 active_key 有效，跳过网络鉴权，账号: Email
INFO     autocar.drivers.u2.driver:conftest.py:106 设备连接成功: 3696ade
INFO     autocar.drivers.factory:conftest.py:106 U2Manager 已连接设备: 3696ade
------------------------------ Captured log call ------------------------------
INFO     autocar.drivers.u2.enhanced:method_registry.py:463 custom text vehicle compatibility: enabled=False vehicle= platform= country= soc_version=
INFO     autocar.drivers.u2.driver:method_registry.py:457 display-aware click: text='Google 助理' -> (694, 118), display-id=0, XML coords are physical screen coords
INFO     autocar.drivers.u2.driver:method_registry.py:457 display-aware click: id='com.renault.car.launcher:id/close_button' -> (1230, 97), display-id=0, XML coords are physical screen coords
INFO     autocar.drivers.u2.driver:method_registry.py:457 display-aware click: text='Google 助理' -> (1103, 118), display-id=0, XML coords are physical screen coords
INFO     autocar.drivers.u2.driver:method_registry.py:457 display-aware click: text='日期和时间' -> (1069, 170), display-id=0, XML coords are physical screen coords
INFO     autocar.drivers.u2.driver:method_registry.py:457 display-aware click: id='com.renault.car.launcher:id/close_button' -> (1230, 97), display-id=0, XML coords are physical screen coords
---------------------------- Captured log teardown ----------------------------
INFO     autocar.drivers.u2.driver:conftest.py:108 设备已断开
INFO     autocar.drivers.u2.driver:conftest.py:98 设备已断开
=========================== short test summary info ===========================
FAILED tests_scripts/桌面启动器/test_smoke_test_9.py::TestSmokeTest9::test_smoke_test_9
============================= 1 failed in 26.32s ==============================

--- tests_scripts/桌面启动器/test_smoke_test_10.py::TestSmokeTest10::test_smoke_test_10 (--count=1) ---
[CMD] C:\Users\TS\AppData\Roaming\iatset\venv\Scripts\python.exe -m pytest -v -s d:\renult\project_1788164131875\project_1788434794119\project_1788434802235\project_1789040384742\tests_scripts\桌面启动器\test_smoke_test_10.py::TestSmokeTest10::test_smoke_test_10 --count=1 --alluredir=d:\renult\project_1788164131875\project_1788434794119\project_1788434802235\project_1789040384742\reports\batch_2026-09-11_14-08-42\allure-results
[CWD] d:\renult\project_1788164131875\project_1788434794119\project_1788434802235\project_1789040384742

C:\Users\TS\AppData\Roaming\iatset\venv\Lib\site-packages\pytest_asyncio\plugin.py:247: PytestDeprecationWarning: The configuration option "asyncio_default_fixture_loop_scope" is unset.
The event loop scope for asynchronous fixtures will default to the fixture caching scope. Future versions of pytest-asyncio will default the loop scope for asynchronous fixtures to function scope. Set the default fixture loop scope explicitly in order to avoid unexpected behavior in the future. Valid fixture loop scopes are: "function", "class", "module", "package", "session"

  warnings.warn(PytestDeprecationWarning(_DEFAULT_FIXTURE_LOOP_SCOPE_UNSET))
============================= test session starts =============================
platform win32 -- Python 3.12.10, pytest-9.0.2, pluggy-1.6.0 -- C:\Users\TS\AppData\Roaming\iatset\venv\Scripts\python.exe
cachedir: .pytest_cache
rootdir: d:\renult\project_1788164131875\project_1788434794119\project_1788434802235\project_1789040384742
plugins: allure-pytest-2.15.3, anyio-4.13.0, asyncio-1.3.0, cov-7.0.0, repeat-0.9.4, timeout-2.4.0, xonsh-0.23.5
asyncio: mode=Mode.STRICT, debug=False, asyncio_default_fixture_loop_scope=None, asyncio_default_test_loop_scope=function
collecting ... collected 1 item

tests_scripts/桌面启动器/test_smoke_test_10.py::TestSmokeTest10::test_smoke_test_10 PASSED

============================= 1 passed in 26.43s ==============================

--- tests_scripts/桌面启动器/test_smoke_test_11.py::TestSmokeTest11::test_smoke_test_11 (--count=1) ---
[CMD] C:\Users\TS\AppData\Roaming\iatset\venv\Scripts\python.exe -m pytest -v -s d:\renult\project_1788164131875\project_1788434794119\project_1788434802235\project_1789040384742\tests_scripts\桌面启动器\test_smoke_test_11.py::TestSmokeTest11::test_smoke_test_11 --count=1 --alluredir=d:\renult\project_1788164131875\project_1788434794119\project_1788434802235\project_1789040384742\reports\batch_2026-09-11_14-08-42\allure-results
[CWD] d:\renult\project_1788164131875\project_1788434794119\project_1788434802235\project_1789040384742

C:\Users\TS\AppData\Roaming\iatset\venv\Lib\site-packages\pytest_asyncio\plugin.py:247: PytestDeprecationWarning: The configuration option "asyncio_default_fixture_loop_scope" is unset.
The event loop scope for asynchronous fixtures will default to the fixture caching scope. Future versions of pytest-asyncio will default the loop scope for asynchronous fixtures to function scope. Set the default fixture loop scope explicitly in order to avoid unexpected behavior in the future. Valid fixture loop scopes are: "function", "class", "module", "package", "session"

  warnings.warn(PytestDeprecationWarning(_DEFAULT_FIXTURE_LOOP_SCOPE_UNSET))
============================= test session starts =============================
platform win32 -- Python 3.12.10, pytest-9.0.2, pluggy-1.6.0 -- C:\Users\TS\AppData\Roaming\iatset\venv\Scripts\python.exe
cachedir: .pytest_cache
rootdir: d:\renult\project_1788164131875\project_1788434794119\project_1788434802235\project_1789040384742
plugins: allure-pytest-2.15.3, anyio-4.13.0, asyncio-1.3.0, cov-7.0.0, repeat-0.9.4, timeout-2.4.0, xonsh-0.23.5
asyncio: mode=Mode.STRICT, debug=False, asyncio_default_fixture_loop_scope=None, asyncio_default_test_loop_scope=function
collecting ... collected 1 item

tests_scripts/桌面启动器/test_smoke_test_11.py::TestSmokeTest11::test_smoke_test_11 PASSED

============================= 1 passed in 19.97s ==============================

--- tests_scripts/桌面启动器/test_smoke_test_12.py::TestSmokeTest12::test_smoke_test_12 (--count=1) ---
[CMD] C:\Users\TS\AppData\Roaming\iatset\venv\Scripts\python.exe -m pytest -v -s d:\renult\project_1788164131875\project_1788434794119\project_1788434802235\project_1789040384742\tests_scripts\桌面启动器\test_smoke_test_12.py::TestSmokeTest12::test_smoke_test_12 --count=1 --alluredir=d:\renult\project_1788164131875\project_1788434794119\project_1788434802235\project_1789040384742\reports\batch_2026-09-11_14-08-42\allure-results
[CWD] d:\renult\project_1788164131875\project_1788434794119\project_1788434802235\project_1789040384742

C:\Users\TS\AppData\Roaming\iatset\venv\Lib\site-packages\pytest_asyncio\plugin.py:247: PytestDeprecationWarning: The configuration option "asyncio_default_fixture_loop_scope" is unset.
The event loop scope for asynchronous fixtures will default to the fixture caching scope. Future versions of pytest-asyncio will default the loop scope for asynchronous fixtures to function scope. Set the default fixture loop scope explicitly in order to avoid unexpected behavior in the future. Valid fixture loop scopes are: "function", "class", "module", "package", "session"

  warnings.warn(PytestDeprecationWarning(_DEFAULT_FIXTURE_LOOP_SCOPE_UNSET))
============================= test session starts =============================
platform win32 -- Python 3.12.10, pytest-9.0.2, pluggy-1.6.0 -- C:\Users\TS\AppData\Roaming\iatset\venv\Scripts\python.exe
cachedir: .pytest_cache
rootdir: d:\renult\project_1788164131875\project_1788434794119\project_1788434802235\project_1789040384742
plugins: allure-pytest-2.15.3, anyio-4.13.0, asyncio-1.3.0, cov-7.0.0, repeat-0.9.4, timeout-2.4.0, xonsh-0.23.5
asyncio: mode=Mode.STRICT, debug=False, asyncio_default_fixture_loop_scope=None, asyncio_default_test_loop_scope=function
collecting ... collected 1 item

tests_scripts/桌面启动器/test_smoke_test_12.py::TestSmokeTest12::test_smoke_test_12 PASSED

============================= 1 passed in 41.82s ==============================

--- tests_scripts/桌面启动器/test_smoke_test_13.py::TestSmokeTest13::test_smoke_test_13 (--count=1) ---
[CMD] C:\Users\TS\AppData\Roaming\iatset\venv\Scripts\python.exe -m pytest -v -s d:\renult\project_1788164131875\project_1788434794119\project_1788434802235\project_1789040384742\tests_scripts\桌面启动器\test_smoke_test_13.py::TestSmokeTest13::test_smoke_test_13 --count=1 --alluredir=d:\renult\project_1788164131875\project_1788434794119\project_1788434802235\project_1789040384742\reports\batch_2026-09-11_14-08-42\allure-results
[CWD] d:\renult\project_1788164131875\project_1788434794119\project_1788434802235\project_1789040384742

C:\Users\TS\AppData\Roaming\iatset\venv\Lib\site-packages\pytest_asyncio\plugin.py:247: PytestDeprecationWarning: The configuration option "asyncio_default_fixture_loop_scope" is unset.
The event loop scope for asynchronous fixtures will default to the fixture caching scope. Future versions of pytest-asyncio will default the loop scope for asynchronous fixtures to function scope. Set the default fixture loop scope explicitly in order to avoid unexpected behavior in the future. Valid fixture loop scopes are: "function", "class", "module", "package", "session"

  warnings.warn(PytestDeprecationWarning(_DEFAULT_FIXTURE_LOOP_SCOPE_UNSET))
============================= test session starts =============================
platform win32 -- Python 3.12.10, pytest-9.0.2, pluggy-1.6.0 -- C:\Users\TS\AppData\Roaming\iatset\venv\Scripts\python.exe
cachedir: .pytest_cache
rootdir: d:\renult\project_1788164131875\project_1788434794119\project_1788434802235\project_1789040384742
plugins: allure-pytest-2.15.3, anyio-4.13.0, asyncio-1.3.0, cov-7.0.0, repeat-0.9.4, timeout-2.4.0, xonsh-0.23.5
asyncio: mode=Mode.STRICT, debug=False, asyncio_default_fixture_loop_scope=None, asyncio_default_test_loop_scope=function
collecting ... collected 1 item

tests_scripts/桌面启动器/test_smoke_test_13.py::TestSmokeTest13::test_smoke_test_13 FAILED

================================== FAILURES ===================================
_____________________ TestSmokeTest13.test_smoke_test_13 ______________________

self = <test_smoke_test_13.TestSmokeTest13 object at 0x000001EDD10EAAE0>

    @allure.story("系统UI - 点击音频小部件进入设置")
    @allure.title("系统UI - 点击音频小部件进入设置")
    @allure.severity(allure.severity_level.NORMAL)
    def test_smoke_test_13(self):
        """前置: 步骤0：车机正常启动，处于主页面; 步骤1："音频"小部件已添加到主页面 | 步骤: ['步骤1：点击主界面上的"音频"小部件'] | 预期: 步骤1：系统进入设置页面，左侧导航栏音乐导航项变为蓝色（选中态）"""
        # AUTOCAR-DEVIATION: []
        with allure.step("步骤1: 点击主界面上的\"音频\"小部件"):
            self.page.click_audio_widget()
    
        # AUTOCAR-EXPECTED[0]: 步骤1：系统进入设置页面
        # 实际运行进入的是音乐媒体页面（com.renault.car.media，标题"Google 新闻"），
        # 左侧导航栏音乐图标呈选中态（selected=true，即变蓝）。
        with allure.step("验证[0]: 左侧导航栏音乐导航项变为蓝色（选中态）"):
            self.car.assert_attr(Loc.NAV_MUSIC, "selected", True, by="id", msg="music_nav 选中变蓝")
>           self.car.assert_exists(Loc.MUSIC_GOOGLE_NEWS, by="text", expected=True)

tests_scripts\桌面启动器\test_smoke_test_13.py:77: 
_ _ _ _ _ _ _ _ _ _ _ _ _ _ _ _ _ _ _ _ _ _ _ _ _ _ _ _ _ _ _ _ _ _ _ _ _ _ _ _
C:\Users\TS\AppData\Roaming\iatset\venv\Lib\site-packages\autocar\_internal\registry\method_registry.py:463: in wrapper
    result = _fn(self, *args, **kwargs)
             ^^^^^^^^^^^^^^^^^^^^^^^^^^
src/autocar/drivers/u2/driver.py:258: in autocar.drivers.u2.driver._with_device_session_recovery.wrapper
    ???
src/autocar/drivers/u2/driver.py:252: in autocar.drivers.u2.driver._with_device_session_recovery.wrapper
    ???
_ _ _ _ _ _ _ _ _ _ _ _ _ _ _ _ _ _ _ _ _ _ _ _ _ _ _ _ _ _ _ _ _ _ _ _ _ _ _ _

>   ???
E   AssertionError: 元素不存在: text=Google 新闻

src/autocar/drivers/u2/enhanced.py:2304: AssertionError
----------------------------- Captured log setup ------------------------------
INFO     autocar.auth.guard:conftest.py:96 active_key 有效，跳过网络鉴权，账号: Email
INFO     autocar.drivers.u2.driver:conftest.py:106 设备连接成功: 3696ade
INFO     autocar.drivers.factory:conftest.py:106 U2Manager 已连接设备: 3696ade
INFO     autocar.drivers.u2.enhanced:method_registry.py:463 custom text vehicle compatibility: enabled=False vehicle= platform= country= soc_version=
INFO     autocar.drivers.u2.driver:method_registry.py:457 display-aware click: text='音频' -> (656, 408), display-id=0, XML coords are physical screen coords
INFO     autocar.drivers.u2.driver:method_registry.py:457 display-aware click: id='com.renault.car.launcher:id/close_button' -> (1230, 97), display-id=0, XML coords are physical screen coords
------------------------------ Captured log call ------------------------------
INFO     autocar.drivers.u2.driver:method_registry.py:457 display-aware click: text='音频' -> (1065, 408), display-id=0, XML coords are physical screen coords
---------------------------- Captured log teardown ----------------------------
INFO     autocar.drivers.u2.driver:conftest.py:108 设备已断开
INFO     autocar.drivers.u2.driver:conftest.py:98 设备已断开
=========================== short test summary info ===========================
FAILED tests_scripts/桌面启动器/test_smoke_test_13.py::TestSmokeTest13::test_smoke_test_13
============================= 1 failed in 23.16s ==============================

--- tests_scripts/桌面启动器/test_smoke_test_14.py::TestSmokeTest14::test_smoke_test_14 (--count=1) ---
[CMD] C:\Users\TS\AppData\Roaming\iatset\venv\Scripts\python.exe -m pytest -v -s d:\renult\project_1788164131875\project_1788434794119\project_1788434802235\project_1789040384742\tests_scripts\桌面启动器\test_smoke_test_14.py::TestSmokeTest14::test_smoke_test_14 --count=1 --alluredir=d:\renult\project_1788164131875\project_1788434794119\project_1788434802235\project_1789040384742\reports\batch_2026-09-11_14-08-42\allure-results
[CWD] d:\renult\project_1788164131875\project_1788434794119\project_1788434802235\project_1789040384742

C:\Users\TS\AppData\Roaming\iatset\venv\Lib\site-packages\pytest_asyncio\plugin.py:247: PytestDeprecationWarning: The configuration option "asyncio_default_fixture_loop_scope" is unset.
The event loop scope for asynchronous fixtures will default to the fixture caching scope. Future versions of pytest-asyncio will default the loop scope for asynchronous fixtures to function scope. Set the default fixture loop scope explicitly in order to avoid unexpected behavior in the future. Valid fixture loop scopes are: "function", "class", "module", "package", "session"

  warnings.warn(PytestDeprecationWarning(_DEFAULT_FIXTURE_LOOP_SCOPE_UNSET))
============================= test session starts =============================
platform win32 -- Python 3.12.10, pytest-9.0.2, pluggy-1.6.0 -- C:\Users\TS\AppData\Roaming\iatset\venv\Scripts\python.exe
cachedir: .pytest_cache
rootdir: d:\renult\project_1788164131875\project_1788434794119\project_1788434802235\project_1789040384742
plugins: allure-pytest-2.15.3, anyio-4.13.0, asyncio-1.3.0, cov-7.0.0, repeat-0.9.4, timeout-2.4.0, xonsh-0.23.5
asyncio: mode=Mode.STRICT, debug=False, asyncio_default_fixture_loop_scope=None, asyncio_default_test_loop_scope=function
collecting ... collected 1 item

tests_scripts/桌面启动器/test_smoke_test_14.py::TestSmokeTest14::test_smoke_test_14 PASSED

============================= 1 passed in 43.58s ==============================

--- tests_scripts/桌面启动器/test_smoke_test_15.py::TestSmokeTest15::test_smoke_test_15 (--count=1) ---
[CMD] C:\Users\TS\AppData\Roaming\iatset\venv\Scripts\python.exe -m pytest -v -s d:\renult\project_1788164131875\project_1788434794119\project_1788434802235\project_1789040384742\tests_scripts\桌面启动器\test_smoke_test_15.py::TestSmokeTest15::test_smoke_test_15 --count=1 --alluredir=d:\renult\project_1788164131875\project_1788434794119\project_1788434802235\project_1789040384742\reports\batch_2026-09-11_14-08-42\allure-results
[CWD] d:\renult\project_1788164131875\project_1788434794119\project_1788434802235\project_1789040384742

C:\Users\TS\AppData\Roaming\iatset\venv\Lib\site-packages\pytest_asyncio\plugin.py:247: PytestDeprecationWarning: The configuration option "asyncio_default_fixture_loop_scope" is unset.
The event loop scope for asynchronous fixtures will default to the fixture caching scope. Future versions of pytest-asyncio will default the loop scope for asynchronous fixtures to function scope. Set the default fixture loop scope explicitly in order to avoid unexpected behavior in the future. Valid fixture loop scopes are: "function", "class", "module", "package", "session"

  warnings.warn(PytestDeprecationWarning(_DEFAULT_FIXTURE_LOOP_SCOPE_UNSET))
============================= test session starts =============================
platform win32 -- Python 3.12.10, pytest-9.0.2, pluggy-1.6.0 -- C:\Users\TS\AppData\Roaming\iatset\venv\Scripts\python.exe
cachedir: .pytest_cache
rootdir: d:\renult\project_1788164131875\project_1788434794119\project_1788434802235\project_1789040384742
plugins: allure-pytest-2.15.3, anyio-4.13.0, asyncio-1.3.0, cov-7.0.0, repeat-0.9.4, timeout-2.4.0, xonsh-0.23.5
asyncio: mode=Mode.STRICT, debug=False, asyncio_default_fixture_loop_scope=None, asyncio_default_test_loop_scope=function
collecting ... collected 1 item

tests_scripts/桌面启动器/test_smoke_test_15.py::TestSmokeTest15::test_smoke_test_15 PASSED

============================= 1 passed in 17.01s ==============================

--- tests_scripts/桌面启动器/test_smoke_test_36_row14.py::TestSmokeTest36Row14::test_smoke_test_36_row14 (--count=1) ---
[CMD] C:\Users\TS\AppData\Roaming\iatset\venv\Scripts\python.exe -m pytest -v -s d:\renult\project_1788164131875\project_1788434794119\project_1788434802235\project_1789040384742\tests_scripts\桌面启动器\test_smoke_test_36_row14.py::TestSmokeTest36Row14::test_smoke_test_36_row14 --count=1 --alluredir=d:\renult\project_1788164131875\project_1788434794119\project_1788434802235\project_1789040384742\reports\batch_2026-09-11_14-08-42\allure-results
[CWD] d:\renult\project_1788164131875\project_1788434794119\project_1788434802235\project_1789040384742

C:\Users\TS\AppData\Roaming\iatset\venv\Lib\site-packages\pytest_asyncio\plugin.py:247: PytestDeprecationWarning: The configuration option "asyncio_default_fixture_loop_scope" is unset.
The event loop scope for asynchronous fixtures will default to the fixture caching scope. Future versions of pytest-asyncio will default the loop scope for asynchronous fixtures to function scope. Set the default fixture loop scope explicitly in order to avoid unexpected behavior in the future. Valid fixture loop scopes are: "function", "class", "module", "package", "session"

  warnings.warn(PytestDeprecationWarning(_DEFAULT_FIXTURE_LOOP_SCOPE_UNSET))
============================= test session starts =============================
platform win32 -- Python 3.12.10, pytest-9.0.2, pluggy-1.6.0 -- C:\Users\TS\AppData\Roaming\iatset\venv\Scripts\python.exe
cachedir: .pytest_cache
rootdir: d:\renult\project_1788164131875\project_1788434794119\project_1788434802235\project_1789040384742
plugins: allure-pytest-2.15.3, anyio-4.13.0, asyncio-1.3.0, cov-7.0.0, repeat-0.9.4, timeout-2.4.0, xonsh-0.23.5
asyncio: mode=Mode.STRICT, debug=False, asyncio_default_fixture_loop_scope=None, asyncio_default_test_loop_scope=function
collecting ... collected 1 item

tests_scripts/桌面启动器/test_smoke_test_36_row14.py::TestSmokeTest36Row14::test_smoke_test_36_row14 PASSED

============================= 1 passed in 19.05s ==============================

--- tests_scripts/车辆设置/test_smoke_test_36_row15.py::TestSmokeTest36Row15::test_smoke_test_36_row15 (--count=1) ---
[CMD] C:\Users\TS\AppData\Roaming\iatset\venv\Scripts\python.exe -m pytest -v -s d:\renult\project_1788164131875\project_1788434794119\project_1788434802235\project_1789040384742\tests_scripts\车辆设置\test_smoke_test_36_row15.py::TestSmokeTest36Row15::test_smoke_test_36_row15 --count=1 --alluredir=d:\renult\project_1788164131875\project_1788434794119\project_1788434802235\project_1789040384742\reports\batch_2026-09-11_14-08-42\allure-results
[CWD] d:\renult\project_1788164131875\project_1788434794119\project_1788434802235\project_1789040384742

C:\Users\TS\AppData\Roaming\iatset\venv\Lib\site-packages\pytest_asyncio\plugin.py:247: PytestDeprecationWarning: The configuration option "asyncio_default_fixture_loop_scope" is unset.
The event loop scope for asynchronous fixtures will default to the fixture caching scope. Future versions of pytest-asyncio will default the loop scope for asynchronous fixtures to function scope. Set the default fixture loop scope explicitly in order to avoid unexpected behavior in the future. Valid fixture loop scopes are: "function", "class", "module", "package", "session"

  warnings.warn(PytestDeprecationWarning(_DEFAULT_FIXTURE_LOOP_SCOPE_UNSET))
============================= test session starts =============================
platform win32 -- Python 3.12.10, pytest-9.0.2, pluggy-1.6.0 -- C:\Users\TS\AppData\Roaming\iatset\venv\Scripts\python.exe
cachedir: .pytest_cache
rootdir: d:\renult\project_1788164131875\project_1788434794119\project_1788434802235\project_1789040384742
plugins: allure-pytest-2.15.3, anyio-4.13.0, asyncio-1.3.0, cov-7.0.0, repeat-0.9.4, timeout-2.4.0, xonsh-0.23.5
asyncio: mode=Mode.STRICT, debug=False, asyncio_default_fixture_loop_scope=None, asyncio_default_test_loop_scope=function
collecting ... collected 1 item

tests_scripts/车辆设置/test_smoke_test_36_row15.py::TestSmokeTest36Row15::test_smoke_test_36_row15 PASSED

============================= 1 passed in 40.33s ==============================

--- tests_scripts/车辆设置/test_smoke_test_37.py::TestSmokeTest37::test_smoke_test_37 (--count=1) ---
[CMD] C:\Users\TS\AppData\Roaming\iatset\venv\Scripts\python.exe -m pytest -v -s d:\renult\project_1788164131875\project_1788434794119\project_1788434802235\project_1789040384742\tests_scripts\车辆设置\test_smoke_test_37.py::TestSmokeTest37::test_smoke_test_37 --count=1 --alluredir=d:\renult\project_1788164131875\project_1788434794119\project_1788434802235\project_1789040384742\reports\batch_2026-09-11_14-08-42\allure-results
[CWD] d:\renult\project_1788164131875\project_1788434794119\project_1788434802235\project_1789040384742

C:\Users\TS\AppData\Roaming\iatset\venv\Lib\site-packages\pytest_asyncio\plugin.py:247: PytestDeprecationWarning: The configuration option "asyncio_default_fixture_loop_scope" is unset.
The event loop scope for asynchronous fixtures will default to the fixture caching scope. Future versions of pytest-asyncio will default the loop scope for asynchronous fixtures to function scope. Set the default fixture loop scope explicitly in order to avoid unexpected behavior in the future. Valid fixture loop scopes are: "function", "class", "module", "package", "session"

  warnings.warn(PytestDeprecationWarning(_DEFAULT_FIXTURE_LOOP_SCOPE_UNSET))
============================= test session starts =============================
platform win32 -- Python 3.12.10, pytest-9.0.2, pluggy-1.6.0 -- C:\Users\TS\AppData\Roaming\iatset\venv\Scripts\python.exe
cachedir: .pytest_cache
rootdir: d:\renult\project_1788164131875\project_1788434794119\project_1788434802235\project_1789040384742
plugins: allure-pytest-2.15.3, anyio-4.13.0, asyncio-1.3.0, cov-7.0.0, repeat-0.9.4, timeout-2.4.0, xonsh-0.23.5
asyncio: mode=Mode.STRICT, debug=False, asyncio_default_fixture_loop_scope=None, asyncio_default_test_loop_scope=function
collecting ... collected 1 item

tests_scripts/车辆设置/test_smoke_test_37.py::TestSmokeTest37::test_smoke_test_37 FAILED

================================== FAILURES ===================================
_____________________ TestSmokeTest37.test_smoke_test_37 ______________________
case_issue: Smoke_Test_37 expected[20](- Slovenčina) 无 Explore 断言回执（handoff-incomplete），不编造断言参数
----------------------------- Captured log setup ------------------------------
INFO     autocar.auth.guard:conftest.py:96 active_key 有效，跳过网络鉴权，账号: Email
INFO     autocar.drivers.u2.driver:conftest.py:106 设备连接成功: 3696ade
INFO     autocar.drivers.factory:conftest.py:106 U2Manager 已连接设备: 3696ade
INFO     autocar.drivers.u2.enhanced:method_registry.py:463 custom text vehicle compatibility: enabled=False vehicle= platform= country= soc_version=
INFO     autocar.drivers.u2.driver:method_registry.py:457 display-aware click: id='com.android.systemui:id/grid_nav' -> (56, 450), display-id=0, XML coords are physical screen coords
INFO     autocar.drivers.u2.driver:method_registry.py:457 display-aware click: text='设置' -> (1125, 495), display-id=0, XML coords are physical screen coords
INFO     autocar.drivers.u2.driver:method_registry.py:457 display-aware click: text='系统' -> (696, 595), display-id=0, XML coords are physical screen coords
------------------------------ Captured log call ------------------------------
INFO     autocar.drivers.u2.driver:method_registry.py:457 display-aware click: text='语言和输入法' -> (696, 185), display-id=0, XML coords are physical screen coords
INFO     autocar.drivers.u2.driver:method_registry.py:457 display-aware click: text='语言' -> (696, 185), display-id=0, XML coords are physical screen coords
---------------------------- Captured log teardown ----------------------------
INFO     autocar.drivers.u2.driver:conftest.py:108 设备已断开
INFO     autocar.drivers.u2.driver:conftest.py:98 设备已断开
=========================== short test summary info ===========================
FAILED tests_scripts/车辆设置/test_smoke_test_37.py::TestSmokeTest37::test_smoke_test_37
======================== 1 failed in 72.21s (0:01:12) =========================

--- tests_scripts/车辆设置/test_smoke_test_44.py::TestSmokeTest44::test_smoke_test_44 (--count=1) ---
[CMD] C:\Users\TS\AppData\Roaming\iatset\venv\Scripts\python.exe -m pytest -v -s d:\renult\project_1788164131875\project_1788434794119\project_1788434802235\project_1789040384742\tests_scripts\车辆设置\test_smoke_test_44.py::TestSmokeTest44::test_smoke_test_44 --count=1 --alluredir=d:\renult\project_1788164131875\project_1788434794119\project_1788434802235\project_1789040384742\reports\batch_2026-09-11_14-08-42\allure-results
[CWD] d:\renult\project_1788164131875\project_1788434794119\project_1788434802235\project_1789040384742

C:\Users\TS\AppData\Roaming\iatset\venv\Lib\site-packages\pytest_asyncio\plugin.py:247: PytestDeprecationWarning: The configuration option "asyncio_default_fixture_loop_scope" is unset.
The event loop scope for asynchronous fixtures will default to the fixture caching scope. Future versions of pytest-asyncio will default the loop scope for asynchronous fixtures to function scope. Set the default fixture loop scope explicitly in order to avoid unexpected behavior in the future. Valid fixture loop scopes are: "function", "class", "module", "package", "session"

  warnings.warn(PytestDeprecationWarning(_DEFAULT_FIXTURE_LOOP_SCOPE_UNSET))
============================= test session starts =============================
platform win32 -- Python 3.12.10, pytest-9.0.2, pluggy-1.6.0 -- C:\Users\TS\AppData\Roaming\iatset\venv\Scripts\python.exe
cachedir: .pytest_cache
rootdir: d:\renult\project_1788164131875\project_1788434794119\project_1788434802235\project_1789040384742
plugins: allure-pytest-2.15.3, anyio-4.13.0, asyncio-1.3.0, cov-7.0.0, repeat-0.9.4, timeout-2.4.0, xonsh-0.23.5
asyncio: mode=Mode.STRICT, debug=False, asyncio_default_fixture_loop_scope=None, asyncio_default_test_loop_scope=function
collecting ... collected 1 item

tests_scripts/车辆设置/test_smoke_test_44.py::TestSmokeTest44::test_smoke_test_44 PASSED

============================= 1 passed in 31.55s ==============================

--- tests_scripts/车辆设置/test_smoke_test_46.py::TestSmokeTest46::test_smoke_test_46 (--count=1) ---
[CMD] C:\Users\TS\AppData\Roaming\iatset\venv\Scripts\python.exe -m pytest -v -s d:\renult\project_1788164131875\project_1788434794119\project_1788434802235\project_1789040384742\tests_scripts\车辆设置\test_smoke_test_46.py::TestSmokeTest46::test_smoke_test_46 --count=1 --alluredir=d:\renult\project_1788164131875\project_1788434794119\project_1788434802235\project_1789040384742\reports\batch_2026-09-11_14-08-42\allure-results
[CWD] d:\renult\project_1788164131875\project_1788434794119\project_1788434802235\project_1789040384742

C:\Users\TS\AppData\Roaming\iatset\venv\Lib\site-packages\pytest_asyncio\plugin.py:247: PytestDeprecationWarning: The configuration option "asyncio_default_fixture_loop_scope" is unset.
The event loop scope for asynchronous fixtures will default to the fixture caching scope. Future versions of pytest-asyncio will default the loop scope for asynchronous fixtures to function scope. Set the default fixture loop scope explicitly in order to avoid unexpected behavior in the future. Valid fixture loop scopes are: "function", "class", "module", "package", "session"

  warnings.warn(PytestDeprecationWarning(_DEFAULT_FIXTURE_LOOP_SCOPE_UNSET))
============================= test session starts =============================
platform win32 -- Python 3.12.10, pytest-9.0.2, pluggy-1.6.0 -- C:\Users\TS\AppData\Roaming\iatset\venv\Scripts\python.exe
cachedir: .pytest_cache
rootdir: d:\renult\project_1788164131875\project_1788434794119\project_1788434802235\project_1789040384742
plugins: allure-pytest-2.15.3, anyio-4.13.0, asyncio-1.3.0, cov-7.0.0, repeat-0.9.4, timeout-2.4.0, xonsh-0.23.5
asyncio: mode=Mode.STRICT, debug=False, asyncio_default_fixture_loop_scope=None, asyncio_default_test_loop_scope=function
collecting ... collected 1 item

tests_scripts/车辆设置/test_smoke_test_46.py::TestSmokeTest46::test_smoke_test_46 PASSED

============================= 1 passed in 13.56s ==============================

--- tests_scripts/收音机/test_smoke_test_47.py::TestSmokeTest47::test_smoke_test_47 (--count=1) ---
[CMD] C:\Users\TS\AppData\Roaming\iatset\venv\Scripts\python.exe -m pytest -v -s d:\renult\project_1788164131875\project_1788434794119\project_1788434802235\project_1789040384742\tests_scripts\收音机\test_smoke_test_47.py::TestSmokeTest47::test_smoke_test_47 --count=1 --alluredir=d:\renult\project_1788164131875\project_1788434794119\project_1788434802235\project_1789040384742\reports\batch_2026-09-11_14-08-42\allure-results
[CWD] d:\renult\project_1788164131875\project_1788434794119\project_1788434802235\project_1789040384742

C:\Users\TS\AppData\Roaming\iatset\venv\Lib\site-packages\pytest_asyncio\plugin.py:247: PytestDeprecationWarning: The configuration option "asyncio_default_fixture_loop_scope" is unset.
The event loop scope for asynchronous fixtures will default to the fixture caching scope. Future versions of pytest-asyncio will default the loop scope for asynchronous fixtures to function scope. Set the default fixture loop scope explicitly in order to avoid unexpected behavior in the future. Valid fixture loop scopes are: "function", "class", "module", "package", "session"

  warnings.warn(PytestDeprecationWarning(_DEFAULT_FIXTURE_LOOP_SCOPE_UNSET))
============================= test session starts =============================
platform win32 -- Python 3.12.10, pytest-9.0.2, pluggy-1.6.0 -- C:\Users\TS\AppData\Roaming\iatset\venv\Scripts\python.exe
cachedir: .pytest_cache
rootdir: d:\renult\project_1788164131875\project_1788434794119\project_1788434802235\project_1789040384742
plugins: allure-pytest-2.15.3, anyio-4.13.0, asyncio-1.3.0, cov-7.0.0, repeat-0.9.4, timeout-2.4.0, xonsh-0.23.5
asyncio: mode=Mode.STRICT, debug=False, asyncio_default_fixture_loop_scope=None, asyncio_default_test_loop_scope=function
collecting ... collected 1 item

tests_scripts/收音机/test_smoke_test_47.py::TestSmokeTest47::test_smoke_test_47 PASSED

============================= 1 passed in 13.21s ==============================

--- tests_scripts/收音机/test_smoke_test_48.py::TestSmokeTest48::test_smoke_test_48 (--count=1) ---
[CMD] C:\Users\TS\AppData\Roaming\iatset\venv\Scripts\python.exe -m pytest -v -s d:\renult\project_1788164131875\project_1788434794119\project_1788434802235\project_1789040384742\tests_scripts\收音机\test_smoke_test_48.py::TestSmokeTest48::test_smoke_test_48 --count=1 --alluredir=d:\renult\project_1788164131875\project_1788434794119\project_1788434802235\project_1789040384742\reports\batch_2026-09-11_14-08-42\allure-results
[CWD] d:\renult\project_1788164131875\project_1788434794119\project_1788434802235\project_1789040384742

C:\Users\TS\AppData\Roaming\iatset\venv\Lib\site-packages\pytest_asyncio\plugin.py:247: PytestDeprecationWarning: The configuration option "asyncio_default_fixture_loop_scope" is unset.
The event loop scope for asynchronous fixtures will default to the fixture caching scope. Future versions of pytest-asyncio will default the loop scope for asynchronous fixtures to function scope. Set the default fixture loop scope explicitly in order to avoid unexpected behavior in the future. Valid fixture loop scopes are: "function", "class", "module", "package", "session"

  warnings.warn(PytestDeprecationWarning(_DEFAULT_FIXTURE_LOOP_SCOPE_UNSET))
============================= test session starts =============================
platform win32 -- Python 3.12.10, pytest-9.0.2, pluggy-1.6.0 -- C:\Users\TS\AppData\Roaming\iatset\venv\Scripts\python.exe
cachedir: .pytest_cache
rootdir: d:\renult\project_1788164131875\project_1788434794119\project_1788434802235\project_1789040384742
plugins: allure-pytest-2.15.3, anyio-4.13.0, asyncio-1.3.0, cov-7.0.0, repeat-0.9.4, timeout-2.4.0, xonsh-0.23.5
asyncio: mode=Mode.STRICT, debug=False, asyncio_default_fixture_loop_scope=None, asyncio_default_test_loop_scope=function
collecting ... collected 1 item

tests_scripts/收音机/test_smoke_test_48.py::TestSmokeTest48::test_smoke_test_48 PASSED

============================= 1 passed in 25.18s ==============================

正在生成 Allure 报告…
Report successfully generated to reports

报告路径：d:\renult\project_1788164131875\project_1788434794119\project_1788434802235\project_1789040384742\reports\batch_2026-09-11_14-08-42\reports
（使用“打开报告”启动 Allure 服务并在浏览器中打开）

执行完成。
